Component: ARM Compiler 5.06 update 7 (build 960) Tool: armlink [4d3601]

==============================================================================

Section Cross References

    main.o(i.ScreenImagePrepare) refers to _printf_pad.o(.text) for _printf_pre_padding
    main.o(i.ScreenImagePrepare) refers to _printf_percent.o(.ARM.Collect$$_printf_percent$$00000000) for _printf_percent
    main.o(i.ScreenImagePrepare) refers to _printf_x.o(.ARM.Collect$$_printf_percent$$0000000C) for _printf_x
    main.o(i.ScreenImagePrepare) refers to _printf_hex_int.o(.text) for _printf_longlong_hex
    main.o(i.ScreenImagePrepare) refers to mymath.o(i.VEC2) for VEC2
    main.o(i.ScreenImagePrepare) refers to bunny.o(i.mainImage_DrawBunny) for mainImage_DrawBunny
    main.o(i.ScreenImagePrepare) refers to lcd.o(i.RGB24ToRGB16Convert) for RGB24ToRGB16Convert
    main.o(i.ScreenImagePrepare) refers to noretval__2printf.o(.text) for __2printf
    main.o(i.ScreenImagePrepare) refers to main.o(.bss) for image
    main.o(i.h) refers to mymath.o(i.VEC3) for VEC3
    main.o(i.h) refers to main.o(i.heart) for heart
    main.o(i.h) refers to f2d.o(x$fpl$f2d) for __aeabi_f2d
    main.o(i.h) refers to dmul.o(x$fpl$dmul) for __aeabi_dmul
    main.o(i.h) refers to d2f.o(x$fpl$d2f) for __aeabi_d2f
    main.o(i.hash31) refers to mymath.o(i.VEC3) for VEC3
    main.o(i.hash31) refers to mymath.o(i.vec3xvec3) for vec3xvec3
    main.o(i.hash31) refers to mymath.o(i.fract) for fract
    main.o(i.hash31) refers to f2d.o(x$fpl$f2d) for __aeabi_f2d
    main.o(i.hash31) refers to daddsub_clz.o(x$fpl$dadd) for __aeabi_dadd
    main.o(i.hash31) refers to d2f.o(x$fpl$d2f) for __aeabi_d2f
    main.o(i.hash31) refers to mymath.o(i.dot) for dot
    main.o(i.hash31) refers to mymath.o(i.vec3add) for vec3add
    main.o(i.heart) refers to mymath.o(i.vec3xvec3) for vec3xvec3
    main.o(i.heart) refers to f2d.o(x$fpl$f2d) for __aeabi_f2d
    main.o(i.heart) refers to dmul.o(x$fpl$dmul) for __aeabi_dmul
    main.o(i.heart) refers to daddsub_clz.o(x$fpl$dadd) for __aeabi_dadd
    main.o(i.heart) refers to daddsub_clz.o(x$fpl$dsub) for __aeabi_dsub
    main.o(i.heart) refers to d2f.o(x$fpl$d2f) for __aeabi_d2f
    main.o(i.main) refers to _printf_pad.o(.text) for _printf_pre_padding
    main.o(i.main) refers to _printf_percent.o(.ARM.Collect$$_printf_percent$$00000000) for _printf_percent
    main.o(i.main) refers to _printf_x.o(.ARM.Collect$$_printf_percent$$0000000C) for _printf_x
    main.o(i.main) refers to _printf_hex_int.o(.text) for _printf_longlong_hex
    main.o(i.main) refers to misc.o(i.NVIC_PriorityGroupConfig) for NVIC_PriorityGroupConfig
    main.o(i.main) refers to delay.o(i.delay_init) for delay_init
    main.o(i.main) refers to usart.o(i.uart_init) for uart_init
    main.o(i.main) refers to lcd.o(i.LCD_Config) for LCD_Config
    main.o(i.main) refers to lcd.o(i.LCD_Reg_Config) for LCD_Reg_Config
    main.o(i.main) refers to rng.o(i.RNG_Init) for RNG_Init
    main.o(i.main) refers to rtc.o(i.Counter_Init) for Counter_Init
    main.o(i.main) refers to stm32f4xx_gpio.o(i.GPIO_SetBits) for GPIO_SetBits
    main.o(i.main) refers to lcd.o(i.LCD_Read_ID4) for LCD_Read_ID4
    main.o(i.main) refers to noretval__2printf.o(.text) for __2printf
    main.o(i.main) refers to main.o(i.ScreenImagePrepare) for ScreenImagePrepare
    main.o(i.main) refers to lcd.o(i.LCD_FullScreenWrite) for LCD_FullScreenWrite
    main.o(i.main) refers to main.o(.bss) for image
    main.o(i.mainImage_3dHeart) refers to stm32f4xx_rtc.o(i.RTC_GetTime) for RTC_GetTime
    main.o(i.mainImage_3dHeart) refers to mymath.o(i.vec2multi) for vec2multi
    main.o(i.mainImage_3dHeart) refers to mymath.o(i.VEC3) for VEC3
    main.o(i.mainImage_3dHeart) refers to f2d.o(x$fpl$f2d) for __aeabi_f2d
    main.o(i.mainImage_3dHeart) refers to dmul.o(x$fpl$dmul) for __aeabi_dmul
    main.o(i.mainImage_3dHeart) refers to sin.o(i.__hardfp_sin) for __hardfp_sin
    main.o(i.mainImage_3dHeart) refers to d2f.o(x$fpl$d2f) for __aeabi_d2f
    main.o(i.mainImage_3dHeart) refers to daddsub_clz.o(x$fpl$drsb) for __aeabi_drsub
    main.o(i.mainImage_3dHeart) refers to daddsub_clz.o(x$fpl$dadd) for __aeabi_dadd
    main.o(i.mainImage_3dHeart) refers to mymath.o(i.vec3multi) for vec3multi
    main.o(i.mainImage_3dHeart) refers to mymath.o(i.vec3xvec3) for vec3xvec3
    main.o(i.mainImage_3dHeart) refers to main.o(i.heart) for heart
    main.o(i.mainImage_3dHeart) refers to dleqf.o(x$fpl$dleqf) for __aeabi_cdcmple
    main.o(i.mainImage_3dHeart) refers to mymath.o(i.VEC2) for VEC2
    main.o(i.mainImage_3dHeart) refers to main.o(i.normal) for normal
    main.o(i.mainImage_3dHeart) refers to mymath.o(i.normalize) for normalize
    main.o(i.mainImage_3dHeart) refers to mymath.o(i.dot) for dot
    main.o(i.mainImage_3dHeart) refers to mymath.o(i.max) for max
    main.o(i.mainImage_3dHeart) refers to pow.o(i.__hardfp_pow) for __hardfp_pow
    main.o(i.mainImage_3dHeart) refers to mymath.o(i.vec3addv) for vec3addv
[...]
    i.GPIO_Init                              0x080007ae   Section        0  stm32f4xx_gpio.o(i.GPIO_Init)
    i.GPIO_PinAFConfig                       0x0800083e   Section        0  stm32f4xx_gpio.o(i.GPIO_PinAFConfig)
    i.GPIO_SetBits                           0x08000884   Section        0  stm32f4xx_gpio.o(i.GPIO_SetBits)
    i.HardFault_Handler                      0x08000888   Section        0  stm32f4xx_it.o(i.HardFault_Handler)
    i.LCD_Config                             0x0800088c   Section        0  lcd.o(i.LCD_Config)
    i.LCD_DrawPoint                          0x08000acc   Section        0  lcd.o(i.LCD_DrawPoint)
    i.LCD_FullScreenWrite                    0x08000b06   Section        0  lcd.o(i.LCD_FullScreenWrite)
    i.LCD_Read_DATA                          0x08000b4c   Section        0  lcd.o(i.LCD_Read_DATA)
    i.LCD_Read_ID4                           0x08000b58   Section        0  lcd.o(i.LCD_Read_ID4)
    i.LCD_Reg_Config                         0x08000b7e   Section        0  lcd.o(i.LCD_Reg_Config)
    i.LCD_Write_CMD                          0x08000daa   Section        0  lcd.o(i.LCD_Write_CMD)
    i.LCD_Write_Data                         0x08000db4   Section        0  lcd.o(i.LCD_Write_Data)
    i.MAT2                                   0x08000dc0   Section        0  mymath.o(i.MAT2)
    i.Mat2xVec2                              0x08000df4   Section        0  mymath.o(i.Mat2xVec2)
    i.MemManage_Handler                      0x08000e3e   Section        0  stm32f4xx_it.o(i.MemManage_Handler)
    i.NMI_Handler                            0x08000e42   Section        0  stm32f4xx_it.o(i.NMI_Handler)
    i.NVIC_Init                              0x08000e44   Section        0  misc.o(i.NVIC_Init)
    i.NVIC_PriorityGroupConfig               0x08000ebc   Section        0  misc.o(i.NVIC_PriorityGroupConfig)
    i.PWR_BackupAccessCmd                    0x08000ed0   Section        0  stm32f4xx_pwr.o(i.PWR_BackupAccessCmd)
    i.PendSV_Handler                         0x08000edc   Section        0  stm32f4xx_it.o(i.PendSV_Handler)
    i.RCC_AHB1PeriphClockCmd                 0x08000ee0   Section        0  stm32f4xx_rcc.o(i.RCC_AHB1PeriphClockCmd)
    i.RCC_AHB2PeriphClockCmd                 0x08000f00   Section        0  stm32f4xx_rcc.o(i.RCC_AHB2PeriphClockCmd)
    i.RCC_AHB3PeriphClockCmd                 0x08000f20   Section        0  stm32f4xx_rcc.o(i.RCC_AHB3PeriphClockCmd)
    i.RCC_APB1PeriphClockCmd                 0x08000f40   Section        0  stm32f4xx_rcc.o(i.RCC_APB1PeriphClockCmd)
    i.RCC_APB2PeriphClockCmd                 0x08000f60   Section        0  stm32f4xx_rcc.o(i.RCC_APB2PeriphClockCmd)
    i.RCC_GetClocksFreq                      0x08000f80   Section        0  stm32f4xx_rcc.o(i.RCC_GetClocksFreq)
    i.RCC_GetFlagStatus                      0x08001068   Section        0  stm32f4xx_rcc.o(i.RCC_GetFlagStatus)
    i.RCC_LSEConfig                          0x080010a8   Section        0  stm32f4xx_rcc.o(i.RCC_LSEConfig)
    i.RCC_RTCCLKCmd                          0x080010d4   Section        0  stm32f4xx_rcc.o(i.RCC_RTCCLKCmd)
    i.RCC_RTCCLKConfig                       0x080010e0   Section        0  stm32f4xx_rcc.o(i.RCC_RTCCLKConfig)
    i.RGB24ToRGB16Convert                    0x0800111c   Section        0  lcd.o(i.RGB24ToRGB16Convert)
    i.RNG_Cmd                                0x08001140   Section        0  stm32f4xx_rng.o(i.RNG_Cmd)
    i.RNG_Init                               0x08001164   Section        0  rng.o(i.RNG_Init)
    i.RTC_Bcd2ToByte                         0x08001176   Section        0  stm32f4xx_rtc.o(i.RTC_Bcd2ToByte)
    RTC_Bcd2ToByte                           0x08001177   Thumb Code    22  stm32f4xx_rtc.o(i.RTC_Bcd2ToByte)
    i.RTC_ByteToBcd2                         0x0800118c   Section        0  stm32f4xx_rtc.o(i.RTC_ByteToBcd2)
    RTC_ByteToBcd2                           0x0800118d   Thumb Code    28  stm32f4xx_rtc.o(i.RTC_ByteToBcd2)
    i.RTC_EnterInitMode                      0x080011a8   Section        0  stm32f4xx_rtc.o(i.RTC_EnterInitMode)
    i.RTC_ExitInitMode                       0x080011f8   Section        0  stm32f4xx_rtc.o(i.RTC_ExitInitMode)
    i.RTC_Init                               0x0800120c   Section        0  stm32f4xx_rtc.o(i.RTC_Init)
    i.RTC_ReadBackupRegister                 0x08001270   Section        0  stm32f4xx_rtc.o(i.RTC_ReadBackupRegister)
    i.RTC_SetDate                            0x08001290   Section        0  stm32f4xx_rtc.o(i.RTC_SetDate)
    i.RTC_SetTime                            0x08001358   Section        0  stm32f4xx_rtc.o(i.RTC_SetTime)
    i.RTC_Set_Date                           0x08001428   Section        0  rtc.o(i.RTC_Set_Date)
    RTC_Set_Date                             0x08001429   Thumb Code    36  rtc.o(i.RTC_Set_Date)
    i.RTC_Set_Time                           0x0800144c   Section        0  rtc.o(i.RTC_Set_Time)
    RTC_Set_Time                             0x0800144d   Thumb Code    36  rtc.o(i.RTC_Set_Time)
    i.RTC_WaitForSynchro                     0x08001470   Section        0  stm32f4xx_rtc.o(i.RTC_WaitForSynchro)
    i.RTC_WriteBackupRegister                0x080014d0   Section        0  stm32f4xx_rtc.o(i.RTC_WriteBackupRegister)
    i.SVC_Handler                            0x080014ec   Section        0  stm32f4xx_it.o(i.SVC_Handler)
    i.ScreenImagePrepare                     0x080014f0   Section        0  main.o(i.ScreenImagePrepare)
    i.SetSysClock                            0x08001564   Section        0  system_stm32f4xx.o(i.SetSysClock)
    SetSysClock                              0x08001565   Thumb Code   220  system_stm32f4xx.o(i.SetSysClock)
    i.SysTick_CLKSourceConfig                0x08001650   Section        0  misc.o(i.SysTick_CLKSourceConfig)
    i.SysTick_Handler                        0x08001678   Section        0  stm32f4xx_it.o(i.SysTick_Handler)
    i.SystemInit                             0x0800167c   Section        0  system_stm32f4xx.o(i.SystemInit)
    i.USART1_IRQHandler                      0x080016e4   Section        0  usart.o(i.USART1_IRQHandler)
    i.USART_Cmd                              0x0800176c   Section        0  stm32f4xx_usart.o(i.USART_Cmd)
    i.USART_GetITStatus                      0x08001784   Section        0  stm32f4xx_usart.o(i.USART_GetITStatus)
    i.USART_ITConfig                         0x080017d8   Section        0  stm32f4xx_usart.o(i.USART_ITConfig)
    i.USART_Init                             0x08001824   Section        0  stm32f4xx_usart.o(i.USART_Init)
    i.USART_ReceiveData                      0x080018f8   Section        0  stm32f4xx_usart.o(i.USART_ReceiveData)
    i.UsageFault_Handler                     0x08001902   Section        0  stm32f4xx_it.o(i.UsageFault_Handler)
    i.VEC2                                   0x08001906   Section        0  mymath.o(i.VEC2)
    i.VEC3                                   0x08001922   Section        0  mymath.o(i.VEC3)
    i.__ARM_fpclassify                       0x0800194a   Section        0  fpclassify.o(i.__ARM_fpclassify)
    i.__hardfp_cos                           0x08001980   Section        0  cos.o(i.__hardfp_cos)
    i.__hardfp_fabs                          0x08001a48   Section        0  fabs.o(i.__hardfp_fabs)
    i.__hardfp_floorf                        0x08001a5c   Section        0  floorf.o(i.__hardfp_floorf)
    i.__hardfp_fmod                          0x08001acc   Section        0  fmod.o(i.__hardfp_fmod)
    i.__hardfp_pow                           0x08001bd0   Section        0  pow.o(i.__hardfp_pow)
    i.__hardfp_sin                           0x08002820   Section        0  sin.o(i.__hardfp_sin)
    i.__hardfp_sqrt                          0x080028e8   Section        0  sqrt.o(i.__hardfp_sqrt)
    i.__hardfp_sqrtf                         0x08002962   Section        0  sqrtf.o(i.__hardfp_sqrtf)
    i.__ieee754_rem_pio2                     0x080029a0   Section        0  rred.o(i.__ieee754_rem_pio2)
    i.__kernel_cos                           0x08002dd8   Section        0  cos_i.o(i.__kernel_cos)
    i.__kernel_poly                          0x08002f48   Section        0  poly.o(i.__kernel_poly)
    i.__kernel_sin                           0x08003040   Section        0  sin_i.o(i.__kernel_sin)
    i.__mathlib_dbl_divzero                  0x08003170   Section        0  dunder.o(i.__mathlib_dbl_divzero)
    i.__mathlib_dbl_infnan                   0x080031a0   Section        0  dunder.o(i.__mathlib_dbl_infnan)
    i.__mathlib_dbl_infnan2                  0x080031b4   Section        0  dunder.o(i.__mathlib_dbl_infnan2)
    i.__mathlib_dbl_invalid                  0x080031c8   Section        0  dunder.o(i.__mathlib_dbl_invalid)
    i.__mathlib_dbl_overflow                 0x080031e8   Section        0  dunder.o(i.__mathlib_dbl_overflow)
    i.__mathlib_dbl_underflow                0x08003208   Section        0  dunder.o(i.__mathlib_dbl_underflow)
    i._is_digit                              0x08003228   Section        0  __printf_wp.o(i._is_digit)
    i._sys_exit                              0x08003236   Section        0  usart.o(i._sys_exit)
    i.ambientOcclusion                       0x0800323c   Section        0  bunny.o(i.ambientOcclusion)
    i.clamp                                  0x08003368   Section        0  mymath.o(i.clamp)
    i.cylinder                               0x08003394   Section        0  bunny.o(i.cylinder)
    i.delay_init                             0x080034ac   Section        0  delay.o(i.delay_init)
    i.delay_ms                               0x080034e8   Section        0  delay.o(i.delay_ms)
    i.delay_xms                              0x08003520   Section        0  delay.o(i.delay_xms)
    i.distance                               0x0800356c   Section        0  mymath.o(i.distance)
    i.dot                                    0x080035b0   Section        0  mymath.o(i.dot)
    i.f                                      0x080035dc   Section        0  bunny.o(i.f)
    i.fabs                                   0x0800361c   Section        0  fabs.o(i.fabs)
    i.floordist                              0x08003634   Section        0  bunny.o(i.floordist)
    i.fputc                                  0x08003678   Section        0  usart.o(i.fputc)
    i.fractf                                 0x08003694   Section        0  mymath.o(i.fractf)
    i.length                                 0x080036b0   Section        0  mymath.o(i.length)
    i.lengthv2                               0x0800370e   Section        0  mymath.o(i.lengthv2)
    i.main                                   0x08003760   Section        0  main.o(i.main)
    i.mainImage_DrawBunny                    0x080037f0   Section        0  bunny.o(i.mainImage_DrawBunny)
    i.max                                    0x080045d4   Section        0  mymath.o(i.max)
    i.min                                    0x080045ee   Section        0  mymath.o(i.min)
    i.mix                                    0x08004608   Section        0  mymath.o(i.mix)
    i.mixv3                                  0x0800461e   Section        0  mymath.o(i.mixv3)
    i.normalize                              0x080046a6   Section        0  mymath.o(i.normalize)
    i.rabdist                                0x080046fc   Section        0  bunny.o(i.rabdist)
    i.reflect                                0x08006388   Section        0  mymath.o(i.reflect)
    i.rotmat                                 0x0800643c   Section        0  bunny.o(i.rotmat)
    i.sceneDist                              0x0800653c   Section        0  bunny.o(i.sceneDist)
    i.sceneNorm                              0x08006554   Section        0  bunny.o(i.sceneNorm)
    i.smax                                   0x08006718   Section        0  bunny.o(i.smax)
    i.smin                                   0x08006744   Section        0  bunny.o(i.smin)
    i.smoothstep                             0x08006844   Section        0  mymath.o(i.smoothstep)
    i.sqrt                                   0x08006890   Section        0  sqrt.o(i.sqrt)
    i.step                                   0x08006900   Section        0  mymath.o(i.step)
    i.uart_init                              0x0800694c   Section        0  usart.o(i.uart_init)
    i.vec2abs                                0x080069f8   Section        0  mymath.o(i.vec2abs)
    i.vec2max                                0x08006a8c   Section        0  mymath.o(i.vec2max)
    i.vec2subv                               0x08006ade   Section        0  mymath.o(i.vec2subv)
    i.vec3add                                0x08006b0e   Section        0  mymath.o(i.vec3add)
    i.vec3addv                               0x08006b46   Section        0  mymath.o(i.vec3addv)
    i.vec3max                                0x08006b8a   Section        0  mymath.o(i.vec3max)
    i.vec3min                                0x08006c00   Section        0  mymath.o(i.vec3min)
    i.vec3multi                              0x08006c76   Section        0  mymath.o(i.vec3multi)
    i.vec3subv                               0x08006cae   Section        0  mymath.o(i.vec3subv)
    i.vec3xvec3                              0x08006cf2   Section        0  mymath.o(i.vec3xvec3)
    x$fpl$basic                              0x08006d38   Section       24  basic.o(x$fpl$basic)
    $v0                                      0x08006d38   Number         0  basic.o(x$fpl$basic)
    x$fpl$d2f                                0x08006d50   Section       98  d2f.o(x$fpl$d2f)
    $v0                                      0x08006d50   Number         0  d2f.o(x$fpl$d2f)
    x$fpl$dadd                               0x08006db4   Section      336  daddsub_clz.o(x$fpl$dadd)
    $v0                                      0x08006db4   Number         0  daddsub_clz.o(x$fpl$dadd)
    _dadd1                                   0x08006dc5   Thumb Code     0  daddsub_clz.o(x$fpl$dadd)
    x$fpl$dcheck1                            0x08006f04   Section       16  dcheck1.o(x$fpl$dcheck1)
    $v0                                      0x08006f04   Number         0  dcheck1.o(x$fpl$dcheck1)
    x$fpl$dcmpinf                            0x08006f14   Section       24  dcmpi.o(x$fpl$dcmpinf)
    $v0                                      0x08006f14   Number         0  dcmpi.o(x$fpl$dcmpinf)
    x$fpl$ddiv                               0x08006f2c   Section      688  ddiv.o(x$fpl$ddiv)
    $v0                                      0x08006f2c   Number         0  ddiv.o(x$fpl$ddiv)
    ddiv_entry                               0x08006f33   Thumb Code     0  ddiv.o(x$fpl$ddiv)
    x$fpl$dfix                               0x080071dc   Section       94  dfix.o(x$fpl$dfix)
    $v0                                      0x080071dc   Number         0  dfix.o(x$fpl$dfix)
    x$fpl$dflt                               0x0800723a   Section       46  dflt_clz.o(x$fpl$dflt)
    $v0                                      0x0800723a   Number         0  dflt_clz.o(x$fpl$dflt)
    x$fpl$dfltu                              0x08007268   Section       38  dflt_clz.o(x$fpl$dfltu)
    $v0                                      0x08007268   Number         0  dflt_clz.o(x$fpl$dfltu)
    x$fpl$dleqf                              0x08007290   Section      120  dleqf.o(x$fpl$dleqf)
    $v0                                      0x08007290   Number         0  dleqf.o(x$fpl$dleqf)
    x$fpl$dmul                               0x08007308   Section      340  dmul.o(x$fpl$dmul)
    $v0                                      0x08007308   Number         0  dmul.o(x$fpl$dmul)
    x$fpl$dnaninf                            0x0800745c   Section      156  dnaninf.o(x$fpl$dnaninf)
    $v0                                      0x0800745c   Number         0  dnaninf.o(x$fpl$dnaninf)
    x$fpl$drem                               0x080074f8   Section      336  drem_clz.o(x$fpl$drem)
    $v0                                      0x080074f8   Number         0  drem_clz.o(x$fpl$drem)
    x$fpl$dretinf                            0x08007648   Section       12  dretinf.o(x$fpl$dretinf)
    $v0                                      0x08007648   Number         0  dretinf.o(x$fpl$dretinf)
    x$fpl$drleqf                             0x08007654   Section      108  drleqf.o(x$fpl$drleqf)
    $v0                                      0x08007654   Number         0  drleqf.o(x$fpl$drleqf)
    x$fpl$drsb                               0x080076c0   Section       22  daddsub_clz.o(x$fpl$drsb)
    $v0                                      0x080076c0   Number         0  daddsub_clz.o(x$fpl$drsb)
    x$fpl$dsqrt                              0x080076d8   Section      408  dsqrt_umaal.o(x$fpl$dsqrt)
    $v0                                      0x080076d8   Number         0  dsqrt_umaal.o(x$fpl$dsqrt)
    x$fpl$dsub                               0x08007870   Section      468  daddsub_clz.o(x$fpl$dsub)
    $v0                                      0x08007870   Number         0  daddsub_clz.o(x$fpl$dsub)
    _dsub1                                   0x08007881   Thumb Code     0  daddsub_clz.o(x$fpl$dsub)
    x$fpl$f2d                                0x08007a44   Section       86  f2d.o(x$fpl$f2d)
    $v0                                      0x08007a44   Number         0  f2d.o(x$fpl$f2d)
    x$fpl$fnaninf                            0x08007a9a   Section      140  fnaninf.o(x$fpl$fnaninf)
    $v0                                      0x08007a9a   Number         0  fnaninf.o(x$fpl$fnaninf)
    x$fpl$fpinit                             0x08007b26   Section       10  fpinit.o(x$fpl$fpinit)
    $v0                                      0x08007b26   Number         0  fpinit.o(x$fpl$fpinit)
    x$fpl$fretinf                            0x08007b30   Section       10  fretinf.o(x$fpl$fretinf)
    $v0                                      0x08007b30   Number         0  fretinf.o(x$fpl$fretinf)
    x$fpl$retnan                             0x08007b3a   Section      100  retnan.o(x$fpl$retnan)
    $v0                                      0x08007b3a   Number         0  retnan.o(x$fpl$retnan)
    x$fpl$scalbn                             0x08007b9e   Section       92  scalbn.o(x$fpl$scalbn)
    $v0                                      0x08007b9e   Number         0  scalbn.o(x$fpl$scalbn)
    x$fpl$trapveneer                         0x08007bfa   Section       48  trapv.o(x$fpl$trapveneer)
    $v0                                      0x08007bfa   Number         0  trapv.o(x$fpl$trapveneer)
    .constdata                               0x08007c2a   Section       40  _printf_hex_int.o(.constdata)
    x$fpl$usenofp                            0x08007c2a   Section        0  usenofp.o(x$fpl$usenofp)
    uc_hextab                                0x08007c2a   Data          20  _printf_hex_int.o(.constdata)
    lc_hextab                                0x08007c3e   Data          20  _printf_hex_int.o(.constdata)
    .constdata                               0x08007c52   Section       17  __printf_flags_wp.o(.constdata)
    maptable                                 0x08007c52   Data          17  __printf_flags_wp.o(.constdata)
    .constdata                               0x08007c68   Section      136  pow.o(.constdata)
    bp                                       0x08007c68   Data          16  pow.o(.constdata)
    dp_h                                     0x08007c78   Data          16  pow.o(.constdata)
    dp_l                                     0x08007c88   Data          16  pow.o(.constdata)
    L                                        0x08007c98   Data          48  pow.o(.constdata)
    P                                        0x08007cc8   Data          40  pow.o(.constdata)
    .constdata                               0x08007cf0   Section       48  cos_i.o(.constdata)
    C                                        0x08007cf0   Data          48  cos_i.o(.constdata)
    .constdata                               0x08007d20   Section        8  qnan.o(.constdata)
    .constdata                               0x08007d28   Section      200  rred.o(.constdata)
    pio2s                                    0x08007d28   Data          48  rred.o(.constdata)
    twooverpi                                0x08007d58   Data         152  rred.o(.constdata)
    .constdata                               0x08007df0   Section       40  sin_i.o(.constdata)
    S                                        0x08007df0   Data          40  sin_i.o(.constdata)
    .data                                    0x20000000   Section        8  bunny.o(.data)
    .data                                    0x20000008   Section        4  delay.o(.data)
    fac_us                                   0x20000008   Data           1  delay.o(.data)
    fac_ms                                   0x2000000a   Data           2  delay.o(.data)
    .data                                    0x2000000c   Section        6  usart.o(.data)
    .data                                    0x20000012   Section       16  stm32f4xx_rcc.o(.data)
    APBAHBPrescTable                         0x20000012   Data          16  stm32f4xx_rcc.o(.data)
    .bss                                     0x20000024   Section    96000  main.o(.bss)
    .bss                                     0x20017724   Section      200  usart.o(.bss)
    .bss                                     0x200177ec   Section       96  libspace.o(.bss)
    HEAP                                     0x20017850   Section      512  startup_stm32f40_41xxx.o(HEAP)
    Heap_Mem                                 0x20017850   Data         512  startup_stm32f40_41xxx.o(HEAP)
    STACK                                    0x20017a50   Section     1024  startup_stm32f40_41xxx.o(STACK)
    Stack_Mem                                0x20017a50   Data        1024  startup_stm32f40_41xxx.o(STACK)
    __initial_sp                             0x20017e50   Data           0  startup_stm32f40_41xxx.o(STACK)

    Global Symbols

    Symbol Name                              Value     Ov Type        Size  Object(Section)

    BuildAttributes$$THM_ISAv4$E$P$D$K$B$S$7EM$VFPi3$EXTD16$VFPS$VFMA$PE$A:L22UL41UL21$X:L11$S22US41US21$IEEE1$IW$USESV6$~STKCKD$USESV7$~SHL$OTIME$ROPI$IEEEX$EBA8$UX$STANDARDLIB$REQ8$PRES8$EABIv2 0x00000000   Number         0  anon$$obj.o ABSOLUTE
    __ARM_use_no_argv                        0x00000000   Number         0  main.o ABSOLUTE
    _printf_flags                            0x00000000   Number         0  printf_stubs.o ABSOLUTE
    _printf_return_value                     0x00000000   Number         0  printf_stubs.o ABSOLUTE
    _printf_sizespec                         0x00000000   Number         0  printf_stubs.o ABSOLUTE
    _printf_widthprec                        0x00000000   Number         0  printf_stubs.o ABSOLUTE
    __ARM_exceptions_init                     - Undefined Weak Reference
    __alloca_initialize                       - Undefined Weak Reference
    __arm_fini_                               - Undefined Weak Reference
    __arm_preinit_                            - Undefined Weak Reference
    __cpp_initialize__aeabi_                  - Undefined Weak Reference
    __cxa_finalize                            - Undefined Weak Reference
    __rt_locale                               - Undefined Weak Reference
    __sigvec_lookup                           - Undefined Weak Reference
    _atexit_init                              - Undefined Weak Reference
    _call_atexit_fns                          - Undefined Weak Reference
    _clock_init                               - Undefined Weak Reference
    _fp_trap_init                             - Undefined Weak Reference
    _fp_trap_shutdown                         - Undefined Weak Reference
    _get_lc_collate                           - Undefined Weak Reference
    _get_lc_ctype                             - Undefined Weak Reference
    _get_lc_monetary                          - Undefined Weak Reference
    _get_lc_numeric                           - Undefined Weak Reference
    _get_lc_time                              - Undefined Weak Reference
    _getenv_init                              - Undefined Weak Reference
    _handle_redirection                       - Undefined Weak Reference
    _init_alloc                               - Undefined Weak Reference
    _init_user_alloc                          - Undefined Weak Reference
    _initio                                   - Undefined Weak Reference
    _mutex_acquire                            - Undefined Weak Reference
    _mutex_release                            - Undefined Weak Reference
    _printf_truncate_unsigned                 - Undefined Weak Reference
    _rand_init                                - Undefined Weak Reference
    _signal_finish                            - Undefined Weak Reference
    _signal_init                              - Undefined Weak Reference
    _terminate_alloc                          - Undefined Weak Reference
    _terminate_user_alloc                     - Undefined Weak Reference
    _terminateio                              - Undefined Weak Reference
    __Vectors_Size                           0x00000188   Number         0  startup_stm32f40_41xxx.o ABSOLUTE
    __Vectors                                0x08000000   Data           4  startup_stm32f40_41xxx.o(RESET)
    __Vectors_End                            0x08000188   Data           0  startup_stm32f40_41xxx.o(RESET)
    __main                                   0x08000189   Thumb Code     8  __main.o(!!!main)
    __scatterload                            0x08000191   Thumb Code     0  __scatter.o(!!!scatter)
    __scatterload_rt2                        0x08000191   Thumb Code    44  __scatter.o(!!!scatter)
    __scatterload_rt2_thumb_only             0x08000191   Thumb Code     0  __scatter.o(!!!scatter)
    __scatterload_null                       0x0800019f   Thumb Code     0  __scatter.o(!!!scatter)
    __scatterload_copy                       0x080001c5   Thumb Code    26  __scatter_copy.o(!!handler_copy)
    __scatterload_zeroinit                   0x080001e1   Thumb Code    28  __scatter_zi.o(!!handler_zi)
    _printf_percent                          0x080001fd   Thumb Code     0  _printf_percent.o(.ARM.Collect$$_printf_percent$$00000000)
    _printf_x                                0x080001fd   Thumb Code     0  _printf_x.o(.ARM.Collect$$_printf_percent$$0000000C)
    _printf_percent_end                      0x08000203   Thumb Code     0  _printf_percent_end.o(.ARM.Collect$$_printf_percent$$00000017)
    __rt_lib_init                            0x08000207   Thumb Code     0  libinit.o(.ARM.Collect$$libinit$$00000000)
    __rt_lib_init_fp_1                       0x08000209   Thumb Code     0  libinit2.o(.ARM.Collect$$libinit$$00000001)
    __rt_lib_init_alloca_1                   0x0800020d   Thumb Code     0  libinit2.o(.ARM.Collect$$libinit$$0000002E)
    __rt_lib_init_argv_1                     0x0800020d   Thumb Code     0  libinit2.o(.ARM.Collect$$libinit$$0000002C)
    __rt_lib_init_atexit_1                   0x0800020d   Thumb Code     0  libinit2.o(.ARM.Collect$$libinit$$0000001B)
    __rt_lib_init_clock_1                    0x0800020d   Thumb Code     0  libinit2.o(.ARM.Collect$$libinit$$00000021)
    __rt_lib_init_cpp_1                      0x0800020d   Thumb Code     0  libinit2.o(.ARM.Collect$$libinit$$00000032)
    __rt_lib_init_exceptions_1               0x0800020d   Thumb Code     0  libinit2.o(.ARM.Collect$$libinit$$00000030)
    __rt_lib_init_fp_trap_1                  0x0800020d   Thumb Code     0  libinit2.o(.ARM.Collect$$libinit$$0000001F)
    __rt_lib_init_getenv_1                   0x0800020d   Thumb Code     0  libinit2.o(.ARM.Collect$$libinit$$00000023)
    __rt_lib_init_heap_1                     0x0800020d   Thumb Code     0  libinit2.o(.ARM.Collect$$libinit$$0000000A)
    __rt_lib_init_lc_collate_1               0x0800020d   Thumb Code     0  libinit2.o(.ARM.Collect$$libinit$$00000011)
    __rt_lib_init_lc_ctype_1                 0x0800020d   Thumb Code     0  libinit2.o(.ARM.Collect$$libinit$$00000013)
    __rt_lib_init_lc_monetary_1              0x0800020d   Thumb Code     0  libinit2.o(.ARM.Collect$$libinit$$00000015)
    __rt_lib_init_lc_numeric_1               0x0800020d   Thumb Code     0  libinit2.o(.ARM.Collect$$libinit$$00000017)
    __rt_lib_init_lc_time_1                  0x0800020d   Thumb Code     0  libinit2.o(.ARM.Collect$$libinit$$00000019)
    __rt_lib_init_preinit_1                  0x0800020d   Thumb Code     0  libinit2.o(.ARM.Collect$$libinit$$00000004)
    __rt_lib_init_rand_1                     0x0800020d   Thumb Code     0  libinit2.o(.ARM.Collect$$libinit$$0000000E)
    __rt_lib_init_return                     0x0800020d   Thumb Code     0  libinit2.o(.ARM.Collect$$libinit$$00000033)
    __rt_lib_init_signal_1                   0x0800020d   Thumb Code     0  libinit2.o(.ARM.Collect$$libinit$$0000001D)
    __rt_lib_init_stdio_1                    0x0800020d   Thumb Code     0  libinit2.o(.ARM.Collect$$libinit$$00000025)
    __rt_lib_init_user_alloc_1               0x0800020d   Thumb Code     0  libinit2.o(.ARM.Collect$$libinit$$0000000C)
    __rt_lib_shutdown                        0x0800020f   Thumb Code     0  libshutdown.o(.ARM.Collect$$libshutdown$$00000000)
    __rt_lib_shutdown_cpp_1                  0x08000211   Thumb Code     0  libshutdown2.o(.ARM.Collect$$libshutdown$$00000004)
    __rt_lib_shutdown_fini_1                 0x08000211   Thumb Code     0  libshutdown2.o(.ARM.Collect$$libshutdown$$00000002)
    __rt_lib_shutdown_fp_trap_1              0x08000211   Thumb Code     0  libshutdown2.o(.ARM.Collect$$libshutdown$$00000009)
    __rt_lib_shutdown_heap_1                 0x08000211   Thumb Code     0  libshutdown2.o(.ARM.Collect$$libshutdown$$00000011)
    __rt_lib_shutdown_return                 0x08000211   Thumb Code     0  libshutdown2.o(.ARM.Collect$$libshutdown$$00000012)
    __rt_lib_shutdown_signal_1               0x08000211   Thumb Code     0  libshutdown2.o(.ARM.Collect$$libshutdown$$0000000C)
    __rt_lib_shutdown_stdio_1                0x08000211   Thumb Code     0  libshutdown2.o(.ARM.Collect$$libshutdown$$00000006)
    __rt_lib_shutdown_user_alloc_1           0x08000211   Thumb Code     0  libshutdown2.o(.ARM.Collect$$libshutdown$$0000000E)
    __rt_entry                               0x08000213   Thumb Code     0  __rtentry.o(.ARM.Collect$$rtentry$$00000000)
    __rt_entry_presh_1                       0x08000213   Thumb Code     0  __rtentry2.o(.ARM.Collect$$rtentry$$00000002)
    __rt_entry_sh                            0x08000213   Thumb Code     0  __rtentry4.o(.ARM.Collect$$rtentry$$00000004)
    __rt_entry_li                            0x08000219   Thumb Code     0  __rtentry2.o(.ARM.Collect$$rtentry$$0000000A)
    __rt_entry_postsh_1                      0x08000219   Thumb Code     0  __rtentry2.o(.ARM.Collect$$rtentry$$00000009)
    __rt_entry_main                          0x0800021d   Thumb Code     0  __rtentry2.o(.ARM.Collect$$rtentry$$0000000D)
    __rt_entry_postli_1                      0x0800021d   Thumb Code     0  __rtentry2.o(.ARM.Collect$$rtentry$$0000000C)
    __rt_exit                                0x08000225   Thumb Code     0  rtexit.o(.ARM.Collect$$rtexit$$00000000)
    __rt_exit_ls                             0x08000227   Thumb Code     0  rtexit2.o(.ARM.Collect$$rtexit$$00000003)
    __rt_exit_prels_1                        0x08000227   Thumb Code     0  rtexit2.o(.ARM.Collect$$rtexit$$00000002)
    __rt_exit_exit                           0x0800022b   Thumb Code     0  rtexit2.o(.ARM.Collect$$rtexit$$00000004)
    Reset_Handler                            0x08000231   Thumb Code     8  startup_stm32f40_41xxx.o(.text)
    ADC_IRQHandler                           0x0800024b   Thumb Code     0  startup_stm32f40_41xxx.o(.text)
    CAN1_RX0_IRQHandler                      0x0800024b   Thumb Code     0  startup_stm32f40_41xxx.o(.text)
    CAN1_RX1_IRQHandler                      0x0800024b   Thumb Code     0  startup_stm32f40_41xxx.o(.text)
    CAN1_SCE_IRQHandler                      0x0800024b   Thumb Code     0  startup_stm32f40_41xxx.o(.text)
    CAN1_TX_IRQHandler                       0x0800024b   Thumb Code     0  startup_stm32f40_41xxx.o(.text)
    CAN2_RX0_IRQHandler                      0x0800024b   Thumb Code     0  startup_stm32f40_41xxx.o(.text)
    CAN2_RX1_IRQHandler                      0x0800024b   Thumb Code     0  startup_stm32f40_41xxx.o(.text)
    CAN2_SCE_IRQHandler                      0x0800024b   Thumb Code     0  startup_stm32f40_41xxx.o(.text)
    CAN2_TX_IRQHandler                       0x0800024b   Thumb Code     0  startup_stm32f40_41xxx.o(.text)
    CRYP_IRQHandler                          0x0800024b   Thumb Code     0  startup_stm32f40_41xxx.o(.text)
    DCMI_IRQHandler                          0x0800024b   Thumb Code     0  startup_stm32f40_41xxx.o(.text)
    DMA1_Stream0_IRQHandler                  0x0800024b   Thumb Code     0  startup_stm32f40_41xxx.o(.text)
    DMA1_Stream1_IRQHandler                  0x0800024b   Thumb Code     0  startup_stm32f40_41xxx.o(.text)
    DMA1_Stream2_IRQHandler                  0x0800024b   Thumb Code     0  startup_stm32f40_41xxx.o(.text)
    DMA1_Stream3_IRQHandler                  0x0800024b   Thumb Code     0  startup_stm32f40_41xxx.o(.text)
    DMA1_Stream4_IRQHandler                  0x0800024b   Thumb Code     0  startup_stm32f40_41xxx.o(.text)
    DMA1_Stream5_IRQHandler                  0x0800024b   Thumb Code     0  startup_stm32f40_41xxx.o(.text)
    DMA1_Stream6_IRQHandler                  0x0800024b   Thumb Code     0  startup_stm32f40_41xxx.o(.text)
    DMA1_Stream7_IRQHandler                  0x0800024b   Thumb Code     0  startup_stm32f40_41xxx.o(.text)
    DMA2_Stream0_IRQHandler                  0x0800024b   Thumb Code     0  startup_stm32f40_41xxx.o(.text)
    DMA2_Stream1_IRQHandler                  0x0800024b   Thumb Code     0  startup_stm32f40_41xxx.o(.text)
    DMA2_Stream2_IRQHandler                  0x0800024b   Thumb Code     0  startup_stm32f40_41xxx.o(.text)
    DMA2_Stream3_IRQHandler                  0x0800024b   Thumb Code     0  startup_stm32f40_41xxx.o(.text)
    DMA2_Stream4_IRQHandler                  0x0800024b   Thumb Code     0  startup_stm32f40_41xxx.o(.text)
    DMA2_Stream5_IRQHandler                  0x0800024b   Thumb Code     0  startup_stm32f40_41xxx.o(.text)
    DMA2_Stream6_IRQHandler                  0x0800024b   Thumb Code     0  startup_stm32f40_41xxx.o(.text)
    DMA2_Stream7_IRQHandler                  0x0800024b   Thumb Code     0  startup_stm32f40_41xxx.o(.text)
    ETH_IRQHandler                           0x0800024b   Thumb Code     0  startup_stm32f40_41xxx.o(.text)
    ETH_WKUP_IRQHandler                      0x0800024b   Thumb Code     0  startup_stm32f40_41xxx.o(.text)
    EXTI0_IRQHandler                         0x0800024b   Thumb Code     0  startup_stm32f40_41xxx.o(.text)
    EXTI15_10_IRQHandler                     0x0800024b   Thumb Code     0  startup_stm32f40_41xxx.o(.text)
    EXTI1_IRQHandler                         0x0800024b   Thumb Code     0  startup_stm32f40_41xxx.o(.text)
    EXTI2_IRQHandler                         0x0800024b   Thumb Code     0  startup_stm32f40_41xxx.o(.text)
    EXTI3_IRQHandler                         0x0800024b   Thumb Code     0  startup_stm32f40_41xxx.o(.text)
    EXTI4_IRQHandler                         0x0800024b   Thumb Code     0  startup_stm32f40_41xxx.o(.text)
    EXTI9_5_IRQHandler                       0x0800024b   Thumb Code     0  startup_stm32f40_41xxx.o(.text)
    FLASH_IRQHandler                         0x0800024b   Thumb Code     0  startup_stm32f40_41xxx.o(.text)
    FPU_IRQHandler                           0x0800024b   Thumb Code     0  startup_stm32f40_41xxx.o(.text)
    FSMC_IRQHandler                          0x0800024b   Thumb Code     0  startup_stm32f40_41xxx.o(.text)
    HASH_RNG_IRQHandler                      0x0800024b   Thumb Code     0  startup_stm32f40_41xxx.o(.text)
    I2C1_ER_IRQHandler                       0x0800024b   Thumb Code     0  startup_stm32f40_41xxx.o(.text)
    I2C1_EV_IRQHandler                       0x0800024b   Thumb Code     0  startup_stm32f40_41xxx.o(.text)
    I2C2_ER_IRQHandler                       0x0800024b   Thumb Code     0  startup_stm32f40_41xxx.o(.text)
    I2C2_EV_IRQHandler                       0x0800024b   Thumb Code     0  startup_stm32f40_41xxx.o(.text)
    I2C3_ER_IRQHandler                       0x0800024b   Thumb Code     0  startup_stm32f40_41xxx.o(.text)
    I2C3_EV_IRQHandler                       0x0800024b   Thumb Code     0  startup_stm32f40_41xxx.o(.text)
    OTG_FS_IRQHandler                        0x0800024b   Thumb Code     0  startup_stm32f40_41xxx.o(.text)
    OTG_FS_WKUP_IRQHandler                   0x0800024b   Thumb Code     0  startup_stm32f40_41xxx.o(.text)
    OTG_HS_EP1_IN_IRQHandler                 0x0800024b   Thumb Code     0  startup_stm32f40_41xxx.o(.text)
    OTG_HS_EP1_OUT_IRQHandler                0x0800024b   Thumb Code     0  startup_stm32f40_41xxx.o(.text)
    OTG_HS_IRQHandler                        0x0800024b   Thumb Code     0  startup_stm32f40_41xxx.o(.text)
    OTG_HS_WKUP_IRQHandler                   0x0800024b   Thumb Code     0  startup_stm32f40_41xxx.o(.text)
    PVD_IRQHandler                           0x0800024b   Thumb Code     0  startup_stm32f40_41xxx.o(.text)
    RCC_IRQHandler                           0x0800024b   Thumb Code     0  startup_stm32f40_41xxx.o(.text)
    RTC_Alarm_IRQHandler                     0x0800024b   Thumb Code     0  startup_stm32f40_41xxx.o(.text)
    RTC_WKUP_IRQHandler                      0x0800024b   Thumb Code     0  startup_stm32f40_41xxx.o(.text)
    SDIO_IRQHandler                          0x0800024b   Thumb Code     0  startup_stm32f40_41xxx.o(.text)
    SPI1_IRQHandler                          0x0800024b   Thumb Code     0  startup_stm32f40_41xxx.o(.text)
    SPI2_IRQHandler                          0x0800024b   Thumb Code     0  startup_stm32f40_41xxx.o(.text)
    SPI3_IRQHandler                          0x0800024b   Thumb Code     0  startup_stm32f40_41xxx.o(.text)
    TAMP_STAMP_IRQHandler                    0x0800024b   Thumb Code     0  startup_stm32f40_41xxx.o(.text)
    TIM1_BRK_TIM9_IRQHandler                 0x0800024b   Thumb Code     0  startup_stm32f40_41xxx.o(.text)
    TIM1_CC_IRQHandler                       0x0800024b   Thumb Code     0  startup_stm32f40_41xxx.o(.text)
    TIM1_TRG_COM_TIM11_IRQHandler            0x0800024b   Thumb Code     0  startup_stm32f40_41xxx.o(.text)
    TIM1_UP_TIM10_IRQHandler                 0x0800024b   Thumb Code     0  startup_stm32f40_41xxx.o(.text)
    TIM2_IRQHandler                          0x0800024b   Thumb Code     0  startup_stm32f40_41xxx.o(.text)
    TIM3_IRQHandler                          0x0800024b   Thumb Code     0  startup_stm32f40_41xxx.o(.text)
    TIM4_IRQHandler                          0x0800024b   Thumb Code     0  startup_stm32f40_41xxx.o(.text)
    TIM5_IRQHandler                          0x0800024b   Thumb Code     0  startup_stm32f40_41xxx.o(.text)
    TIM6_DAC_IRQHandler                      0x0800024b   Thumb Code     0  startup_stm32f40_41xxx.o(.text)
    TIM7_IRQHandler                          0x0800024b   Thumb Code     0  startup_stm32f40_41xxx.o(.text)
    TIM8_BRK_TIM12_IRQHandler                0x0800024b   Thumb Code     0  startup_stm32f40_41xxx.o(.text)
    TIM8_CC_IRQHandler                       0x0800024b   Thumb Code     0  startup_stm32f40_41xxx.o(.text)
    TIM8_TRG_COM_TIM14_IRQHandler            0x0800024b   Thumb Code     0  startup_stm32f40_41xxx.o(.text)
    TIM8_UP_TIM13_IRQHandler                 0x0800024b   Thumb Code     0  startup_stm32f40_41xxx.o(.text)
    UART4_IRQHandler                         0x0800024b   Thumb Code     0  startup_stm32f40_41xxx.o(.text)
    UART5_IRQHandler                         0x0800024b   Thumb Code     0  startup_stm32f40_41xxx.o(.text)
    USART2_IRQHandler                        0x0800024b   Thumb Code     0  startup_stm32f40_41xxx.o(.text)
    USART3_IRQHandler                        0x0800024b   Thumb Code     0  startup_stm32f40_41xxx.o(.text)
    USART6_IRQHandler                        0x0800024b   Thumb Code     0  startup_stm32f40_41xxx.o(.text)
    WWDG_IRQHandler                          0x0800024b   Thumb Code     0  startup_stm32f40_41xxx.o(.text)
    __user_initial_stackheap                 0x0800024d   Thumb Code     0  startup_stm32f40_41xxx.o(.text)
    __use_no_semihosting                     0x08000271   Thumb Code     2  use_no_semi_2.o(.text)
    __2printf                                0x08000275   Thumb Code    20  noretval__2printf.o(.text)
    _printf_pre_padding                      0x0800028d   Thumb Code    44  _printf_pad.o(.text)
    _printf_post_padding                     0x080002b9   Thumb Code    34  _printf_pad.o(.text)
    _printf_int_hex                          0x080002dd   Thumb Code    84  _printf_hex_int.o(.text)
    _printf_longlong_hex                     0x080002dd   Thumb Code     0  _printf_hex_int.o(.text)
    __printf                                 0x08000335   Thumb Code   308  __printf_flags_wp.o(.text)
    __use_two_region_memory                  0x0800046d   Thumb Code     2  heapauxi.o(.text)
    __rt_heap_escrow$2region                 0x0800046f   Thumb Code     2  heapauxi.o(.text)
    __rt_heap_expand$2region                 0x08000471   Thumb Code     2  heapauxi.o(.text)
    __I$use$semihosting                      0x08000473   Thumb Code     0  use_no_semi.o(.text)
    __use_no_semihosting_swi                 0x08000473   Thumb Code     2  use_no_semi.o(.text)
    __read_errno                             0x08000475   Thumb Code    10  _rserrno.o(.text)
    __set_errno                              0x0800047f   Thumb Code    12  _rserrno.o(.text)
    _printf_int_common                       0x0800048b   Thumb Code   178  _printf_intcommon.o(.text)
    _printf_char_file                        0x0800053d   Thumb Code    32  _printf_char_file.o(.text)
    __aeabi_errno_addr                       0x08000561   Thumb Code     8  rt_errno_addr_intlibspace.o(.text)
    __errno$intlibspace                      0x08000561   Thumb Code     0  rt_errno_addr_intlibspace.o(.text)
    __rt_errno_addr$intlibspace              0x08000561   Thumb Code     0  rt_errno_addr_intlibspace.o(.text)
    _printf_char_common                      0x08000573   Thumb Code    32  _printf_char_common.o(.text)
    ferror                                   0x08000599   Thumb Code     8  ferror.o(.text)
    __user_libspace                          0x080005a1   Thumb Code     8  libspace.o(.text)
    __user_perproc_libspace                  0x080005a1   Thumb Code     0  libspace.o(.text)
    __user_perthread_libspace                0x080005a1   Thumb Code     0  libspace.o(.text)
    __user_setup_stackheap                   0x080005a9   Thumb Code    74  sys_stackheap_outer.o(.text)
    exit                                     0x080005f3   Thumb Code    18  exit.o(.text)
    BusFault_Handler                         0x08000605   Thumb Code     4  stm32f4xx_it.o(i.BusFault_Handler)
    Counter_Init                             0x08000609   Thumb Code   136  rtc.o(i.Counter_Init)
    DebugMon_Handler                         0x08000691   Thumb Code     2  stm32f4xx_it.o(i.DebugMon_Handler)
    FSMC_NORSRAMCmd                          0x08000695   Thumb Code    46  stm32f4xx_fsmc.o(i.FSMC_NORSRAMCmd)
    FSMC_NORSRAMInit                         0x080006c9   Thumb Code   230  stm32f4xx_fsmc.o(i.FSMC_NORSRAMInit)
    GPIO_Init                                0x080007af   Thumb Code   144  stm32f4xx_gpio.o(i.GPIO_Init)
    GPIO_PinAFConfig                         0x0800083f   Thumb Code    70  stm32f4xx_gpio.o(i.GPIO_PinAFConfig)
    GPIO_SetBits                             0x08000885   Thumb Code     4  stm32f4xx_gpio.o(i.GPIO_SetBits)
    HardFault_Handler                        0x08000889   Thumb Code     4  stm32f4xx_it.o(i.HardFault_Handler)
    LCD_Config                               0x0800088d   Thumb Code   554  lcd.o(i.LCD_Config)
    LCD_DrawPoint                            0x08000acd   Thumb Code    58  lcd.o(i.LCD_DrawPoint)
    LCD_FullScreenWrite                      0x08000b07   Thumb Code    70  lcd.o(i.LCD_FullScreenWrite)
    LCD_Read_DATA                            0x08000b4d   Thumb Code     6  lcd.o(i.LCD_Read_DATA)
    LCD_Read_ID4                             0x08000b59   Thumb Code    38  lcd.o(i.LCD_Read_ID4)
    LCD_Reg_Config                           0x08000b7f   Thumb Code   556  lcd.o(i.LCD_Reg_Config)
    LCD_Write_CMD                            0x08000dab   Thumb Code     8  lcd.o(i.LCD_Write_CMD)
    LCD_Write_Data                           0x08000db5   Thumb Code     6  lcd.o(i.LCD_Write_Data)
    MAT2                                     0x08000dc1   Thumb Code    52  mymath.o(i.MAT2)
    Mat2xVec2                                0x08000df5   Thumb Code    74  mymath.o(i.Mat2xVec2)
    MemManage_Handler                        0x08000e3f   Thumb Code     4  stm32f4xx_it.o(i.MemManage_Handler)
    NMI_Handler                              0x08000e43   Thumb Code     2  stm32f4xx_it.o(i.NMI_Handler)
    NVIC_Init                                0x08000e45   Thumb Code   106  misc.o(i.NVIC_Init)
    NVIC_PriorityGroupConfig                 0x08000ebd   Thumb Code    10  misc.o(i.NVIC_PriorityGroupConfig)
    PWR_BackupAccessCmd                      0x08000ed1   Thumb Code     6  stm32f4xx_pwr.o(i.PWR_BackupAccessCmd)
    PendSV_Handler                           0x08000edd   Thumb Code     2  stm32f4xx_it.o(i.PendSV_Handler)
    RCC_AHB1PeriphClockCmd                   0x08000ee1   Thumb Code    26  stm32f4xx_rcc.o(i.RCC_AHB1PeriphClockCmd)
    RCC_AHB2PeriphClockCmd                   0x08000f01   Thumb Code    26  stm32f4xx_rcc.o(i.RCC_AHB2PeriphClockCmd)
    RCC_AHB3PeriphClockCmd                   0x08000f21   Thumb Code    26  stm32f4xx_rcc.o(i.RCC_AHB3PeriphClockCmd)
    RCC_APB1PeriphClockCmd                   0x08000f41   Thumb Code    26  stm32f4xx_rcc.o(i.RCC_APB1PeriphClockCmd)
    RCC_APB2PeriphClockCmd                   0x08000f61   Thumb Code    26  stm32f4xx_rcc.o(i.RCC_APB2PeriphClockCmd)
    RCC_GetClocksFreq                        0x08000f81   Thumb Code   214  stm32f4xx_rcc.o(i.RCC_GetClocksFreq)
    RCC_GetFlagStatus                        0x08001069   Thumb Code    60  stm32f4xx_rcc.o(i.RCC_GetFlagStatus)
    RCC_LSEConfig                            0x080010a9   Thumb Code    40  stm32f4xx_rcc.o(i.RCC_LSEConfig)
    RCC_RTCCLKCmd                            0x080010d5   Thumb Code     6  stm32f4xx_rcc.o(i.RCC_RTCCLKCmd)
    RCC_RTCCLKConfig                         0x080010e1   Thumb Code    50  stm32f4xx_rcc.o(i.RCC_RTCCLKConfig)
    RGB24ToRGB16Convert                      0x0800111d   Thumb Code    34  lcd.o(i.RGB24ToRGB16Convert)
    RNG_Cmd                                  0x08001141   Thumb Code    30  stm32f4xx_rng.o(i.RNG_Cmd)
    RNG_Init                                 0x08001165   Thumb Code    18  rng.o(i.RNG_Init)
    RTC_EnterInitMode                        0x080011a9   Thumb Code    76  stm32f4xx_rtc.o(i.RTC_EnterInitMode)
    RTC_ExitInitMode                         0x080011f9   Thumb Code    14  stm32f4xx_rtc.o(i.RTC_ExitInitMode)
    RTC_Init                                 0x0800120d   Thumb Code    94  stm32f4xx_rtc.o(i.RTC_Init)
    RTC_ReadBackupRegister                   0x08001271   Thumb Code    26  stm32f4xx_rtc.o(i.RTC_ReadBackupRegister)
    RTC_SetDate                              0x08001291   Thumb Code   190  stm32f4xx_rtc.o(i.RTC_SetDate)
    RTC_SetTime                              0x08001359   Thumb Code   198  stm32f4xx_rtc.o(i.RTC_SetTime)
    RTC_WaitForSynchro                       0x08001471   Thumb Code    92  stm32f4xx_rtc.o(i.RTC_WaitForSynchro)
    RTC_WriteBackupRegister                  0x080014d1   Thumb Code    24  stm32f4xx_rtc.o(i.RTC_WriteBackupRegister)
    SVC_Handler                              0x080014ed   Thumb Code     2  stm32f4xx_it.o(i.SVC_Handler)
    ScreenImagePrepare                       0x080014f1   Thumb Code   102  main.o(i.ScreenImagePrepare)
    SysTick_CLKSourceConfig                  0x08001651   Thumb Code    40  misc.o(i.SysTick_CLKSourceConfig)
    SysTick_Handler                          0x08001679   Thumb Code     2  stm32f4xx_it.o(i.SysTick_Handler)
    SystemInit                               0x0800167d   Thumb Code    88  system_stm32f4xx.o(i.SystemInit)
    USART1_IRQHandler                        0x080016e5   Thumb Code   122  usart.o(i.USART1_IRQHandler)
    USART_Cmd                                0x0800176d   Thumb Code    24  stm32f4xx_usart.o(i.USART_Cmd)
    USART_GetITStatus                        0x08001785   Thumb Code    84  stm32f4xx_usart.o(i.USART_GetITStatus)
    USART_ITConfig                           0x080017d9   Thumb Code    74  stm32f4xx_usart.o(i.USART_ITConfig)
    USART_Init                               0x08001825   Thumb Code   204  stm32f4xx_usart.o(i.USART_Init)
    USART_ReceiveData                        0x080018f9   Thumb Code    10  stm32f4xx_usart.o(i.USART_ReceiveData)
    UsageFault_Handler                       0x08001903   Thumb Code     4  stm32f4xx_it.o(i.UsageFault_Handler)
    VEC2                                     0x08001907   Thumb Code    28  mymath.o(i.VEC2)
    VEC3                                     0x08001923   Thumb Code    40  mymath.o(i.VEC3)
    __ARM_fpclassify                         0x0800194b   Thumb Code    48  fpclassify.o(i.__ARM_fpclassify)
    __hardfp_cos                             0x08001981   Thumb Code   180  cos.o(i.__hardfp_cos)
    __hardfp_fabs                            0x08001a49   Thumb Code    20  fabs.o(i.__hardfp_fabs)
    __hardfp_floorf                          0x08001a5d   Thumb Code    98  floorf.o(i.__hardfp_floorf)
    __hardfp_fmod                            0x08001acd   Thumb Code   254  fmod.o(i.__hardfp_fmod)
    __hardfp_pow                             0x08001bd1   Thumb Code  3072  pow.o(i.__hardfp_pow)
    __hardfp_sin                             0x08002821   Thumb Code   180  sin.o(i.__hardfp_sin)
    __hardfp_sqrt                            0x080028e9   Thumb Code   122  sqrt.o(i.__hardfp_sqrt)
    __hardfp_sqrtf                           0x08002963   Thumb Code    58  sqrtf.o(i.__hardfp_sqrtf)
    __ieee754_rem_pio2                       0x080029a1   Thumb Code   938  rred.o(i.__ieee754_rem_pio2)
    __kernel_cos                             0x08002dd9   Thumb Code   322  cos_i.o(i.__kernel_cos)
    __kernel_poly                            0x08002f49   Thumb Code   248  poly.o(i.__kernel_poly)
    __kernel_sin                             0x08003041   Thumb Code   280  sin_i.o(i.__kernel_sin)
    __mathlib_dbl_divzero                    0x08003171   Thumb Code    28  dunder.o(i.__mathlib_dbl_divzero)
    __mathlib_dbl_infnan                     0x080031a1   Thumb Code    20  dunder.o(i.__mathlib_dbl_infnan)
    __mathlib_dbl_infnan2                    0x080031b5   Thumb Code    20  dunder.o(i.__mathlib_dbl_infnan2)
    __mathlib_dbl_invalid                    0x080031c9   Thumb Code    24  dunder.o(i.__mathlib_dbl_invalid)
    __mathlib_dbl_overflow                   0x080031e9   Thumb Code    24  dunder.o(i.__mathlib_dbl_overflow)
    __mathlib_dbl_underflow                  0x08003209   Thumb Code    24  dunder.o(i.__mathlib_dbl_underflow)
    _is_digit                                0x08003229   Thumb Code    14  __printf_wp.o(i._is_digit)
    _sys_exit                                0x08003237   Thumb Code     4  usart.o(i._sys_exit)
    ambientOcclusion                         0x0800323d   Thumb Code   278  bunny.o(i.ambientOcclusion)
    clamp                                    0x08003369   Thumb Code    42  mymath.o(i.clamp)
    cylinder                                 0x08003395   Thumb Code   274  bunny.o(i.cylinder)
    delay_init                               0x080034ad   Thumb Code    52  delay.o(i.delay_init)
    delay_ms                                 0x080034e9   Thumb Code    56  delay.o(i.delay_ms)
    delay_xms                                0x08003521   Thumb Code    72  delay.o(i.delay_xms)
    distance                                 0x0800356d   Thumb Code    68  mymath.o(i.distance)
    dot                                      0x080035b1   Thumb Code    44  mymath.o(i.dot)
    f                                        0x080035dd   Thumb Code    64  bunny.o(i.f)
    fabs                                     0x0800361d   Thumb Code    24  fabs.o(i.fabs)
    floordist                                0x08003635   Thumb Code    58  bunny.o(i.floordist)
    fputc                                    0x08003679   Thumb Code    22  usart.o(i.fputc)
    fractf                                   0x08003695   Thumb Code    28  mymath.o(i.fractf)
    length                                   0x080036b1   Thumb Code    94  mymath.o(i.length)
    lengthv2                                 0x0800370f   Thumb Code    82  mymath.o(i.lengthv2)
    main                                     0x08003761   Thumb Code    86  main.o(i.main)
    mainImage_DrawBunny                      0x080037f1   Thumb Code  3548  bunny.o(i.mainImage_DrawBunny)
    max                                      0x080045d5   Thumb Code    26  mymath.o(i.max)
    min                                      0x080045ef   Thumb Code    26  mymath.o(i.min)
    mix                                      0x08004609   Thumb Code    22  mymath.o(i.mix)
    mixv3                                    0x0800461f   Thumb Code   136  mymath.o(i.mixv3)
    normalize                                0x080046a7   Thumb Code    84  mymath.o(i.normalize)
    rabdist                                  0x080046fd   Thumb Code  7278  bunny.o(i.rabdist)
    reflect                                  0x08006389   Thumb Code   172  mymath.o(i.reflect)
    rotmat                                   0x0800643d   Thumb Code   256  bunny.o(i.rotmat)
    sceneDist                                0x0800653d   Thumb Code    24  bunny.o(i.sceneDist)
    sceneNorm                                0x08006555   Thumb Code   444  bunny.o(i.sceneNorm)
    smax                                     0x08006719   Thumb Code    44  bunny.o(i.smax)
    smin                                     0x08006745   Thumb Code   234  bunny.o(i.smin)
    smoothstep                               0x08006845   Thumb Code    72  mymath.o(i.smoothstep)
    sqrt                                     0x08006891   Thumb Code   110  sqrt.o(i.sqrt)
    step                                     0x08006901   Thumb Code    60  mymath.o(i.step)
    uart_init                                0x0800694d   Thumb Code   164  usart.o(i.uart_init)
    vec2abs                                  0x080069f9   Thumb Code   148  mymath.o(i.vec2abs)
    vec2max                                  0x08006a8d   Thumb Code    82  mymath.o(i.vec2max)
    vec2subv                                 0x08006adf   Thumb Code    48  mymath.o(i.vec2subv)
    vec3add                                  0x08006b0f   Thumb Code    56  mymath.o(i.vec3add)
    vec3addv                                 0x08006b47   Thumb Code    68  mymath.o(i.vec3addv)
    vec3max                                  0x08006b8b   Thumb Code   118  mymath.o(i.vec3max)
    vec3min                                  0x08006c01   Thumb Code   118  mymath.o(i.vec3min)
    vec3multi                                0x08006c77   Thumb Code    56  mymath.o(i.vec3multi)
    vec3subv                                 0x08006caf   Thumb Code    68  mymath.o(i.vec3subv)
    vec3xvec3                                0x08006cf3   Thumb Code    70  mymath.o(i.vec3xvec3)
    __aeabi_dneg                             0x08006d39   Thumb Code     0  basic.o(x$fpl$basic)
    _dneg                                    0x08006d39   Thumb Code     6  basic.o(x$fpl$basic)
    __aeabi_fneg                             0x08006d3f   Thumb Code     0  basic.o(x$fpl$basic)
    _fneg                                    0x08006d3f   Thumb Code     6  basic.o(x$fpl$basic)
    _dabs                                    0x08006d45   Thumb Code     6  basic.o(x$fpl$basic)
    _fabs                                    0x08006d4b   Thumb Code     6  basic.o(x$fpl$basic)
    __aeabi_d2f                              0x08006d51   Thumb Code     0  d2f.o(x$fpl$d2f)
    _d2f                                     0x08006d51   Thumb Code    98  d2f.o(x$fpl$d2f)
    __aeabi_dadd                             0x08006db5   Thumb Code     0  daddsub_clz.o(x$fpl$dadd)
    _dadd                                    0x08006db5   Thumb Code   332  daddsub_clz.o(x$fpl$dadd)
    __fpl_dcheck_NaN1                        0x08006f05   Thumb Code    10  dcheck1.o(x$fpl$dcheck1)
    __fpl_dcmp_Inf                           0x08006f15   Thumb Code    24  dcmpi.o(x$fpl$dcmpinf)
    __aeabi_ddiv                             0x08006f2d   Thumb Code     0  ddiv.o(x$fpl$ddiv)
    _ddiv                                    0x08006f2d   Thumb Code   552  ddiv.o(x$fpl$ddiv)
    __aeabi_d2iz                             0x080071dd   Thumb Code     0  dfix.o(x$fpl$dfix)
    _dfix                                    0x080071dd   Thumb Code    94  dfix.o(x$fpl$dfix)
    __aeabi_i2d                              0x0800723b   Thumb Code     0  dflt_clz.o(x$fpl$dflt)
    _dflt                                    0x0800723b   Thumb Code    46  dflt_clz.o(x$fpl$dflt)
    __aeabi_ui2d                             0x08007269   Thumb Code     0  dflt_clz.o(x$fpl$dfltu)
    _dfltu                                   0x08007269   Thumb Code    38  dflt_clz.o(x$fpl$dfltu)
    __aeabi_cdcmple                          0x08007291   Thumb Code     0  dleqf.o(x$fpl$dleqf)
    _dcmple                                  0x08007291   Thumb Code   120  dleqf.o(x$fpl$dleqf)
    __fpl_dcmple_InfNaN                      0x080072f3   Thumb Code     0  dleqf.o(x$fpl$dleqf)
    __aeabi_dmul                             0x08007309   Thumb Code     0  dmul.o(x$fpl$dmul)
    _dmul                                    0x08007309   Thumb Code   332  dmul.o(x$fpl$dmul)
    __fpl_dnaninf                            0x0800745d   Thumb Code   156  dnaninf.o(x$fpl$dnaninf)
    _drem                                    0x080074f9   Thumb Code   328  drem_clz.o(x$fpl$drem)
    __fpl_dretinf                            0x08007649   Thumb Code    12  dretinf.o(x$fpl$dretinf)
    __aeabi_cdrcmple                         0x08007655   Thumb Code     0  drleqf.o(x$fpl$drleqf)
    _drcmple                                 0x08007655   Thumb Code   108  drleqf.o(x$fpl$drleqf)
    __aeabi_drsub                            0x080076c1   Thumb Code     0  daddsub_clz.o(x$fpl$drsb)
    _drsb                                    0x080076c1   Thumb Code    22  daddsub_clz.o(x$fpl$drsb)
    _dsqrt                                   0x080076d9   Thumb Code   404  dsqrt_umaal.o(x$fpl$dsqrt)
    __aeabi_dsub                             0x08007871   Thumb Code     0  daddsub_clz.o(x$fpl$dsub)
    _dsub                                    0x08007871   Thumb Code   464  daddsub_clz.o(x$fpl$dsub)
    __aeabi_f2d                              0x08007a45   Thumb Code     0  f2d.o(x$fpl$f2d)
    _f2d                                     0x08007a45   Thumb Code    86  f2d.o(x$fpl$f2d)
    __fpl_fnaninf                            0x08007a9b   Thumb Code   140  fnaninf.o(x$fpl$fnaninf)
    _fp_init                                 0x08007b27   Thumb Code    10  fpinit.o(x$fpl$fpinit)
    __fplib_config_fpu_vfp                   0x08007b2f   Thumb Code     0  fpinit.o(x$fpl$fpinit)
    __fplib_config_pureend_doubles           0x08007b2f   Thumb Code     0  fpinit.o(x$fpl$fpinit)
    __fpl_fretinf                            0x08007b31   Thumb Code    10  fretinf.o(x$fpl$fretinf)
    __fpl_return_NaN                         0x08007b3b   Thumb Code   100  retnan.o(x$fpl$retnan)
    __ARM_scalbn                             0x08007b9f   Thumb Code    92  scalbn.o(x$fpl$scalbn)
    __fpl_cmpreturn                          0x08007bfb   Thumb Code    48  trapv.o(x$fpl$trapveneer)
    __I$use$fp                               0x08007c2a   Number         0  usenofp.o(x$fpl$usenofp)
    __mathlib_zero                           0x08007d20   Data           8  qnan.o(.constdata)
    Region$$Table$$Base                      0x08007e18   Number         0  anon$$obj.o(Region$$Table)
    Region$$Table$$Limit                     0x08007e38   Number         0  anon$$obj.o(Region$$Table)
    time                                     0x20000000   Data           4  bunny.o(.data)
    pupdist                                  0x20000004   Data           4  bunny.o(.data)
    __stdout                                 0x2000000c   Data           4  usart.o(.data)
    USART_RX_STA                             0x20000010   Data           2  usart.o(.data)
    image                                    0x20000024   Data       96000  main.o(.bss)
    USART_RX_BUF                             0x20017724   Data         200  usart.o(.bss)
    __libspace_start                         0x200177ec   Data          96  libspace.o(.bss)
    __temporary_stack_top$libspace           0x2001784c   Data           0  libspace.o(.bss)



==============================================================================

Memory Map of the image

  Image Entry point : 0x08000189

  Load Region LR_IROM1 (Base: 0x08000000, Size: 0x00007e5c, Max: 0x00100000, ABSOLUTE)

    Execution Region ER_IROM1 (Base: 0x08000000, Size: 0x00007e38, Max: 0x00100000, ABSOLUTE)

    Base Addr    Size         Type   Attr      Idx    E Section Name        Object

    0x08000000   0x00000188   Data   RO         1148    RESET               startup_stm32f40_41xxx.o
    0x08000188   0x00000008   Code   RO         2601  * !!!main             c_w.l(__main.o)
    0x08000190   0x00000034   Code   RO         2958    !!!scatter          c_w.l(__scatter.o)
    0x080001c4   0x0000001a   Code   RO         2960    !!handler_copy      c_w.l(__scatter_copy.o)
    0x080001de   0x00000002   PAD
    0x080001e0   0x0000001c   Code   RO         2962    !!handler_zi        c_w.l(__scatter_zi.o)
    0x080001fc   0x00000000   Code   RO         2596    .ARM.Collect$$_printf_percent$$00000000  c_w.l(_printf_percent.o)
    0x080001fc   0x00000006   Code   RO         2595    .ARM.Collect$$_printf_percent$$0000000C  c_w.l(_printf_x.o)
    0x08000202   0x00000004   Code   RO         2732    .ARM.Collect$$_printf_percent$$00000017  c_w.l(_printf_percent_end.o)
    0x08000206   0x00000002   Code   RO         2829    .ARM.Collect$$libinit$$00000000  c_w.l(libinit.o)
    0x08000208   0x00000004   Code   RO         2834    .ARM.Collect$$libinit$$00000001  c_w.l(libinit2.o)
    0x0800020c   0x00000000   Code   RO         2837    .ARM.Collect$$libinit$$00000004  c_w.l(libinit2.o)
    0x0800020c   0x00000000   Code   RO         2840    .ARM.Collect$$libinit$$0000000A  c_w.l(libinit2.o)
    0x0800020c   0x00000000   Code   RO         2842    .ARM.Collect$$libinit$$0000000C  c_w.l(libinit2.o)
    0x0800020c   0x00000000   Code   RO         2844    .ARM.Collect$$libinit$$0000000E  c_w.l(libinit2.o)
    0x0800020c   0x00000000   Code   RO         2847    .ARM.Collect$$libinit$$00000011  c_w.l(libinit2.o)
    0x0800020c   0x00000000   Code   RO         2849    .ARM.Collect$$libinit$$00000013  c_w.l(libinit2.o)
    0x0800020c   0x00000000   Code   RO         2851    .ARM.Collect$$libinit$$00000015  c_w.l(libinit2.o)
    0x0800020c   0x00000000   Code   RO         2853    .ARM.Collect$$libinit$$00000017  c_w.l(libinit2.o)
    0x0800020c   0x00000000   Code   RO         2855    .ARM.Collect$$libinit$$00000019  c_w.l(libinit2.o)
    0x0800020c   0x00000000   Code   RO         2857    .ARM.Collect$$libinit$$0000001B  c_w.l(libinit2.o)
    0x0800020c   0x00000000   Code   RO         2859    .ARM.Collect$$libinit$$0000001D  c_w.l(libinit2.o)
    0x0800020c   0x00000000   Code   RO         2861    .ARM.Collect$$libinit$$0000001F  c_w.l(libinit2.o)
    0x0800020c   0x00000000   Code   RO         2863    .ARM.Collect$$libinit$$00000021  c_w.l(libinit2.o)
    0x0800020c   0x00000000   Code   RO         2865    .ARM.Collect$$libinit$$00000023  c_w.l(libinit2.o)
    0x0800020c   0x00000000   Code   RO         2867    .ARM.Collect$$libinit$$00000025  c_w.l(libinit2.o)
    0x0800020c   0x00000000   Code   RO         2871    .ARM.Collect$$libinit$$0000002C  c_w.l(libinit2.o)
    0x0800020c   0x00000000   Code   RO         2873    .ARM.Collect$$libinit$$0000002E  c_w.l(libinit2.o)
    0x0800020c   0x00000000   Code   RO         2875    .ARM.Collect$$libinit$$00000030  c_w.l(libinit2.o)
    0x0800020c   0x00000000   Code   RO         2877    .ARM.Collect$$libinit$$00000032  c_w.l(libinit2.o)
    0x0800020c   0x00000002   Code   RO         2878    .ARM.Collect$$libinit$$00000033  c_w.l(libinit2.o)
    0x0800020e   0x00000002   Code   RO         2898    .ARM.Collect$$libshutdown$$00000000  c_w.l(libshutdown.o)
    0x08000210   0x00000000   Code   RO         2908    .ARM.Collect$$libshutdown$$00000002  c_w.l(libshutdown2.o)
    0x08000210   0x00000000   Code   RO         2910    .ARM.Collect$$libshutdown$$00000004  c_w.l(libshutdown2.o)
    0x08000210   0x00000000   Code   RO         2912    .ARM.Collect$$libshutdown$$00000006  c_w.l(libshutdown2.o)
    0x08000210   0x00000000   Code   RO         2915    .ARM.Collect$$libshutdown$$00000009  c_w.l(libshutdown2.o)
    0x08000210   0x00000000   Code   RO         2918    .ARM.Collect$$libshutdown$$0000000C  c_w.l(libshutdown2.o)
    0x08000210   0x00000000   Code   RO         2920    .ARM.Collect$$libshutdown$$0000000E  c_w.l(libshutdown2.o)
    0x08000210   0x00000000   Code   RO         2923    .ARM.Collect$$libshutdown$$00000011  c_w.l(libshutdown2.o)
    0x08000210   0x00000002   Code   RO         2924    .ARM.Collect$$libshutdown$$00000012  c_w.l(libshutdown2.o)
    0x08000212   0x00000000   Code   RO         2725    .ARM.Collect$$rtentry$$00000000  c_w.l(__rtentry.o)
    0x08000212   0x00000000   Code   RO         2784    .ARM.Collect$$rtentry$$00000002  c_w.l(__rtentry2.o)
    0x08000212   0x00000006   Code   RO         2796    .ARM.Collect$$rtentry$$00000004  c_w.l(__rtentry4.o)
    0x08000218   0x00000000   Code   RO         2786    .ARM.Collect$$rtentry$$00000009  c_w.l(__rtentry2.o)
    0x08000218   0x00000004   Code   RO         2787    .ARM.Collect$$rtentry$$0000000A  c_w.l(__rtentry2.o)
    0x0800021c   0x00000000   Code   RO         2789    .ARM.Collect$$rtentry$$0000000C  c_w.l(__rtentry2.o)
    0x0800021c   0x00000008   Code   RO         2790    .ARM.Collect$$rtentry$$0000000D  c_w.l(__rtentry2.o)
    0x08000224   0x00000002   Code   RO         2832    .ARM.Collect$$rtexit$$00000000  c_w.l(rtexit.o)
    0x08000226   0x00000000   Code   RO         2882    .ARM.Collect$$rtexit$$00000002  c_w.l(rtexit2.o)
    0x08000226   0x00000004   Code   RO         2883    .ARM.Collect$$rtexit$$00000003  c_w.l(rtexit2.o)
    0x0800022a   0x00000006   Code   RO         2884    .ARM.Collect$$rtexit$$00000004  c_w.l(rtexit2.o)
    0x08000230   0x00000040   Code   RO         1149    .text               startup_stm32f40_41xxx.o
    0x08000270   0x00000002   Code   RO         2544    .text               c_w.l(use_no_semi_2.o)
    0x08000272   0x00000002   PAD
    0x08000274   0x00000018   Code   RO         2548    .text               c_w.l(noretval__2printf.o)
    0x0800028c   0x0000004e   Code   RO         2552    .text               c_w.l(_printf_pad.o)
    0x080002da   0x00000002   PAD
    0x080002dc   0x00000058   Code   RO         2557    .text               c_w.l(_printf_hex_int.o)
    0x08000334   0x00000138   Code   RO         2587    .text               c_w.l(__printf_flags_wp.o)
    0x0800046c   0x00000006   Code   RO         2599    .text               c_w.l(heapauxi.o)
    0x08000472   0x00000002   Code   RO         2723    .text               c_w.l(use_no_semi.o)
    0x08000474   0x00000016   Code   RO         2726    .text               c_w.l(_rserrno.o)
    0x0800048a   0x000000b2   Code   RO         2728    .text               c_w.l(_printf_intcommon.o)
    0x0800053c   0x00000024   Code   RO         2730    .text               c_w.l(_printf_char_file.o)
    0x08000560   0x00000008   Code   RO         2801    .text               c_w.l(rt_errno_addr_intlibspace.o)
    0x08000568   0x00000030   Code   RO         2803    .text               c_w.l(_printf_char_common.o)
    0x08000598   0x00000008   Code   RO         2805    .text               c_w.l(ferror.o)
    0x080005a0   0x00000008   Code   RO         2815    .text               c_w.l(libspace.o)
    0x080005a8   0x0000004a   Code   RO         2818    .text               c_w.l(sys_stackheap_outer.o)
    0x080005f2   0x00000012   Code   RO         2822    .text               c_w.l(exit.o)
    0x08000604   0x00000004   Code   RO          214    i.BusFault_Handler  stm32f4xx_it.o
    0x08000608   0x00000088   Code   RO         1118    i.Counter_Init      rtc.o
    0x08000690   0x00000002   Code   RO          215    i.DebugMon_Handler  stm32f4xx_it.o
    0x08000692   0x00000002   PAD
    0x08000694   0x00000034   Code   RO         1886    i.FSMC_NORSRAMCmd   stm32f4xx_fsmc.o
    0x080006c8   0x000000e6   Code   RO         1888    i.FSMC_NORSRAMInit  stm32f4xx_fsmc.o
    0x080007ae   0x00000090   Code   RO         1200    i.GPIO_Init         stm32f4xx_gpio.o
    0x0800083e   0x00000046   Code   RO         1201    i.GPIO_PinAFConfig  stm32f4xx_gpio.o
    0x08000884   0x00000004   Code   RO         1208    i.GPIO_SetBits      stm32f4xx_gpio.o
    0x08000888   0x00000004   Code   RO          216    i.HardFault_Handler  stm32f4xx_it.o
    0x0800088c   0x00000240   Code   RO          873    i.LCD_Config        lcd.o
    0x08000acc   0x0000003a   Code   RO          876    i.LCD_DrawPoint     lcd.o
    0x08000b06   0x00000046   Code   RO          878    i.LCD_FullScreenWrite  lcd.o
    0x08000b4c   0x0000000c   Code   RO          879    i.LCD_Read_DATA     lcd.o
    0x08000b58   0x00000026   Code   RO          881    i.LCD_Read_ID4      lcd.o
    0x08000b7e   0x0000022c   Code   RO          882    i.LCD_Reg_Config    lcd.o
    0x08000daa   0x00000008   Code   RO          883    i.LCD_Write_CMD     lcd.o
    0x08000db2   0x00000002   PAD
    0x08000db4   0x0000000c   Code   RO          884    i.LCD_Write_Data    lcd.o
    0x08000dc0   0x00000034   Code   RO          346    i.MAT2              mymath.o
    0x08000df4   0x0000004a   Code   RO          349    i.Mat2xVec2         mymath.o
    0x08000e3e   0x00000004   Code   RO          217    i.MemManage_Handler  stm32f4xx_it.o
    0x08000e42   0x00000002   Code   RO          218    i.NMI_Handler       stm32f4xx_it.o
    0x08000e44   0x00000078   Code   RO         1155    i.NVIC_Init         misc.o
    0x08000ebc   0x00000014   Code   RO         1156    i.NVIC_PriorityGroupConfig  misc.o
    0x08000ed0   0x0000000c   Code   RO         2422    i.PWR_BackupAccessCmd  stm32f4xx_pwr.o
    0x08000edc   0x00000002   Code   RO          219    i.PendSV_Handler    stm32f4xx_it.o
    0x08000ede   0x00000002   PAD
    0x08000ee0   0x00000020   Code   RO         1297    i.RCC_AHB1PeriphClockCmd  stm32f4xx_rcc.o
    0x08000f00   0x00000020   Code   RO         1300    i.RCC_AHB2PeriphClockCmd  stm32f4xx_rcc.o
    0x08000f20   0x00000020   Code   RO         1303    i.RCC_AHB3PeriphClockCmd  stm32f4xx_rcc.o
    0x08000f40   0x00000020   Code   RO         1306    i.RCC_APB1PeriphClockCmd  stm32f4xx_rcc.o
    0x08000f60   0x00000020   Code   RO         1309    i.RCC_APB2PeriphClockCmd  stm32f4xx_rcc.o
    0x08000f80   0x000000e8   Code   RO         1318    i.RCC_GetClocksFreq  stm32f4xx_rcc.o
    0x08001068   0x00000040   Code   RO         1319    i.RCC_GetFlagStatus  stm32f4xx_rcc.o
    0x080010a8   0x0000002c   Code   RO         1327    i.RCC_LSEConfig     stm32f4xx_rcc.o
    0x080010d4   0x0000000c   Code   RO         1341    i.RCC_RTCCLKCmd     stm32f4xx_rcc.o
    0x080010e0   0x0000003c   Code   RO         1342    i.RCC_RTCCLKConfig  stm32f4xx_rcc.o
    0x0800111c   0x00000022   Code   RO          885    i.RGB24ToRGB16Convert  lcd.o
    0x0800113e   0x00000002   PAD
    0x08001140   0x00000024   Code   RO         2008    i.RNG_Cmd           stm32f4xx_rng.o
    0x08001164   0x00000012   Code   RO          966    i.RNG_Init          rng.o
    0x08001176   0x00000016   Code   RO         2071    i.RTC_Bcd2ToByte    stm32f4xx_rtc.o
    0x0800118c   0x0000001c   Code   RO         2073    i.RTC_ByteToBcd2    stm32f4xx_rtc.o
    0x080011a8   0x00000050   Code   RO         2083    i.RTC_EnterInitMode  stm32f4xx_rtc.o
    0x080011f8   0x00000014   Code   RO         2084    i.RTC_ExitInitMode  stm32f4xx_rtc.o
    0x0800120c   0x00000064   Code   RO         2097    i.RTC_Init          stm32f4xx_rtc.o
    0x08001270   0x00000020   Code   RO         2100    i.RTC_ReadBackupRegister  stm32f4xx_rtc.o
    0x08001290   0x000000c8   Code   RO         2103    i.RTC_SetDate       stm32f4xx_rtc.o
    0x08001358   0x000000d0   Code   RO         2104    i.RTC_SetTime       stm32f4xx_rtc.o
    0x08001428   0x00000024   Code   RO         1119    i.RTC_Set_Date      rtc.o
    0x0800144c   0x00000024   Code   RO         1120    i.RTC_Set_Time      rtc.o
    0x08001470   0x00000060   Code   RO         2120    i.RTC_WaitForSynchro  stm32f4xx_rtc.o
    0x080014d0   0x0000001c   Code   RO         2123    i.RTC_WriteBackupRegister  stm32f4xx_rtc.o
    0x080014ec   0x00000002   Code   RO          220    i.SVC_Handler       stm32f4xx_it.o
    0x080014ee   0x00000002   PAD
    0x080014f0   0x00000074   Code   RO            3    i.ScreenImagePrepare  main.o
    0x08001564   0x000000ec   Code   RO          311    i.SetSysClock       system_stm32f4xx.o
    0x08001650   0x00000028   Code   RO         1159    i.SysTick_CLKSourceConfig  misc.o
    0x08001678   0x00000002   Code   RO          221    i.SysTick_Handler   stm32f4xx_it.o
    0x0800167a   0x00000002   PAD
    0x0800167c   0x00000068   Code   RO          313    i.SystemInit        system_stm32f4xx.o
    0x080016e4   0x00000088   Code   RO         1049    i.USART1_IRQHandler  usart.o
    0x0800176c   0x00000018   Code   RO         1691    i.USART_Cmd         stm32f4xx_usart.o
    0x08001784   0x00000054   Code   RO         1695    i.USART_GetITStatus  stm32f4xx_usart.o
    0x080017d8   0x0000004a   Code   RO         1697    i.USART_ITConfig    stm32f4xx_usart.o
    0x08001822   0x00000002   PAD
    0x08001824   0x000000d4   Code   RO         1698    i.USART_Init        stm32f4xx_usart.o
    0x080018f8   0x0000000a   Code   RO         1705    i.USART_ReceiveData  stm32f4xx_usart.o
    0x08001902   0x00000004   Code   RO          222    i.UsageFault_Handler  stm32f4xx_it.o
    0x08001906   0x0000001c   Code   RO          351    i.VEC2              mymath.o
    0x08001922   0x00000028   Code   RO          352    i.VEC3              mymath.o
    0x0800194a   0x00000030   Code   RO         2767    i.__ARM_fpclassify  m_wm.l(fpclassify.o)
    0x0800197a   0x00000006   PAD
    0x08001980   0x000000c8   Code   RO         2631    i.__hardfp_cos      m_wm.l(cos.o)
    0x08001a48   0x00000014   Code   RO         2643    i.__hardfp_fabs     m_wm.l(fabs.o)
    0x08001a5c   0x00000070   Code   RO         2655    i.__hardfp_floorf   m_wm.l(floorf.o)
    0x08001acc   0x00000104   Code   RO         2661    i.__hardfp_fmod     m_wm.l(fmod.o)
    0x08001bd0   0x00000c50   Code   RO         2673    i.__hardfp_pow      m_wm.l(pow.o)
    0x08002820   0x000000c8   Code   RO         2687    i.__hardfp_sin      m_wm.l(sin.o)
    0x080028e8   0x0000007a   Code   RO         2699    i.__hardfp_sqrt     m_wm.l(sqrt.o)
    0x08002962   0x0000003a   Code   RO         2711    i.__hardfp_sqrtf    m_wm.l(sqrtf.o)
    0x0800299c   0x00000004   PAD
    0x080029a0   0x00000438   Code   RO         2772    i.__ieee754_rem_pio2  m_wm.l(rred.o)
    0x08002dd8   0x00000170   Code   RO         2750    i.__kernel_cos      m_wm.l(cos_i.o)
    0x08002f48   0x000000f8   Code   RO         2769    i.__kernel_poly     m_wm.l(poly.o)
    0x08003040   0x00000130   Code   RO         2777    i.__kernel_sin      m_wm.l(sin_i.o)
    0x08003170   0x00000030   Code   RO         2753    i.__mathlib_dbl_divzero  m_wm.l(dunder.o)
    0x080031a0   0x00000014   Code   RO         2754    i.__mathlib_dbl_infnan  m_wm.l(dunder.o)
    0x080031b4   0x00000014   Code   RO         2755    i.__mathlib_dbl_infnan2  m_wm.l(dunder.o)
    0x080031c8   0x00000020   Code   RO         2756    i.__mathlib_dbl_invalid  m_wm.l(dunder.o)
    0x080031e8   0x00000020   Code   RO         2757    i.__mathlib_dbl_overflow  m_wm.l(dunder.o)
    0x08003208   0x00000020   Code   RO         2759    i.__mathlib_dbl_underflow  m_wm.l(dunder.o)
    0x08003228   0x0000000e   Code   RO         2585    i._is_digit         c_w.l(__printf_wp.o)
    0x08003236   0x00000004   Code   RO         1050    i._sys_exit         usart.o
    0x0800323a   0x00000002   PAD
    0x0800323c   0x0000012c   Code   RO          582    i.ambientOcclusion  bunny.o
    0x08003368   0x0000002a   Code   RO          353    i.clamp             mymath.o
    0x08003392   0x00000002   PAD
    0x08003394   0x00000118   Code   RO          583    i.cylinder          bunny.o
    0x080034ac   0x0000003c   Code   RO          991    i.delay_init        delay.o
    0x080034e8   0x00000038   Code   RO          992    i.delay_ms          delay.o
    0x08003520   0x0000004c   Code   RO          994    i.delay_xms         delay.o
    0x0800356c   0x00000044   Code   RO          355    i.distance          mymath.o
    0x080035b0   0x0000002c   Code   RO          356    i.dot               mymath.o
    0x080035dc   0x00000040   Code   RO          584    i.f                 bunny.o
    0x0800361c   0x00000018   Code   RO         2645    i.fabs              m_wm.l(fabs.o)
    0x08003634   0x00000044   Code   RO          585    i.floordist         bunny.o
    0x08003678   0x0000001c   Code   RO         1051    i.fputc             usart.o
    0x08003694   0x0000001c   Code   RO          358    i.fractf            mymath.o
    0x080036b0   0x0000005e   Code   RO          359    i.length            mymath.o
    0x0800370e   0x00000052   Code   RO          360    i.lengthv2          mymath.o
    0x08003760   0x00000090   Code   RO            7    i.main              main.o
    0x080037f0   0x00000de4   Code   RO          586    i.mainImage_DrawBunny  bunny.o
    0x080045d4   0x0000001a   Code   RO          361    i.max               mymath.o
    0x080045ee   0x0000001a   Code   RO          362    i.min               mymath.o
    0x08004608   0x00000016   Code   RO          363    i.mix               mymath.o
    0x0800461e   0x00000088   Code   RO          364    i.mixv3             mymath.o
    0x080046a6   0x00000054   Code   RO          365    i.normalize         mymath.o
    0x080046fa   0x00000002   PAD
    0x080046fc   0x00001c8c   Code   RO          587    i.rabdist           bunny.o
    0x08006388   0x000000b4   Code   RO          366    i.reflect           mymath.o
    0x0800643c   0x00000100   Code   RO          588    i.rotmat            bunny.o
    0x0800653c   0x00000018   Code   RO          589    i.sceneDist         bunny.o
    0x08006554   0x000001c4   Code   RO          590    i.sceneNorm         bunny.o
    0x08006718   0x0000002c   Code   RO          591    i.smax              bunny.o
    0x08006744   0x00000100   Code   RO          592    i.smin              bunny.o
    0x08006844   0x0000004c   Code   RO          368    i.smoothstep        mymath.o
    0x08006890   0x0000006e   Code   RO         2701    i.sqrt              m_wm.l(sqrt.o)
    0x080068fe   0x00000002   PAD
    0x08006900   0x0000004c   Code   RO          369    i.step              mymath.o
    0x0800694c   0x000000ac   Code   RO         1052    i.uart_init         usart.o
    0x080069f8   0x00000094   Code   RO          370    i.vec2abs           mymath.o
    0x08006a8c   0x00000052   Code   RO          372    i.vec2max           mymath.o
    0x08006ade   0x00000030   Code   RO          374    i.vec2subv          mymath.o
    0x08006b0e   0x00000038   Code   RO          377    i.vec3add           mymath.o
    0x08006b46   0x00000044   Code   RO          378    i.vec3addv          mymath.o
    0x08006b8a   0x00000076   Code   RO          379    i.vec3max           mymath.o
    0x08006c00   0x00000076   Code   RO          380    i.vec3min           mymath.o
    0x08006c76   0x00000038   Code   RO          381    i.vec3multi         mymath.o
    0x08006cae   0x00000044   Code   RO          382    i.vec3subv          mymath.o
    0x08006cf2   0x00000046   Code   RO          383    i.vec3xvec3         mymath.o
    0x08006d38   0x00000018   Code   RO         2603    x$fpl$basic         fz_wm.l(basic.o)
    0x08006d50   0x00000062   Code   RO         2605    x$fpl$d2f           fz_wm.l(d2f.o)
    0x08006db2   0x00000002   PAD
    0x08006db4   0x00000150   Code   RO         2607    x$fpl$dadd          fz_wm.l(daddsub_clz.o)
    0x08006f04   0x00000010   Code   RO         2809    x$fpl$dcheck1       fz_wm.l(dcheck1.o)
    0x08006f14   0x00000018   Code   RO         2733    x$fpl$dcmpinf       fz_wm.l(dcmpi.o)
    0x08006f2c   0x000002b0   Code   RO         2614    x$fpl$ddiv          fz_wm.l(ddiv.o)
    0x080071dc   0x0000005e   Code   RO         2811    x$fpl$dfix          fz_wm.l(dfix.o)
    0x0800723a   0x0000002e   Code   RO         2618    x$fpl$dflt          fz_wm.l(dflt_clz.o)
    0x08007268   0x00000026   Code   RO         2617    x$fpl$dfltu         fz_wm.l(dflt_clz.o)
    0x0800728e   0x00000002   PAD
    0x08007290   0x00000078   Code   RO         2623    x$fpl$dleqf         fz_wm.l(dleqf.o)
    0x08007308   0x00000154   Code   RO         2625    x$fpl$dmul          fz_wm.l(dmul.o)
    0x0800745c   0x0000009c   Code   RO         2735    x$fpl$dnaninf       fz_wm.l(dnaninf.o)
    0x080074f8   0x00000150   Code   RO         2737    x$fpl$drem          fz_wm.l(drem_clz.o)
    0x08007648   0x0000000c   Code   RO         2739    x$fpl$dretinf       fz_wm.l(dretinf.o)
    0x08007654   0x0000006c   Code   RO         2627    x$fpl$drleqf        fz_wm.l(drleqf.o)
    0x080076c0   0x00000016   Code   RO         2608    x$fpl$drsb          fz_wm.l(daddsub_clz.o)
    0x080076d6   0x00000002   PAD
    0x080076d8   0x00000198   Code   RO         2741    x$fpl$dsqrt         fz_wm.l(dsqrt_umaal.o)
    0x08007870   0x000001d4   Code   RO         2609    x$fpl$dsub          fz_wm.l(daddsub_clz.o)
    0x08007a44   0x00000056   Code   RO         2629    x$fpl$f2d           fz_wm.l(f2d.o)
    0x08007a9a   0x0000008c   Code   RO         2743    x$fpl$fnaninf       fz_wm.l(fnaninf.o)
    0x08007b26   0x0000000a   Code   RO         2890    x$fpl$fpinit        fz_wm.l(fpinit.o)
    0x08007b30   0x0000000a   Code   RO         2745    x$fpl$fretinf       fz_wm.l(fretinf.o)
    0x08007b3a   0x00000064   Code   RO         2830    x$fpl$retnan        fz_wm.l(retnan.o)
    0x08007b9e   0x0000005c   Code   RO         2747    x$fpl$scalbn        fz_wm.l(scalbn.o)
    0x08007bfa   0x00000030   Code   RO         2879    x$fpl$trapveneer    fz_wm.l(trapv.o)
    0x08007c2a   0x00000000   Code   RO         2749    x$fpl$usenofp       fz_wm.l(usenofp.o)
    0x08007c2a   0x00000028   Data   RO         2558    .constdata          c_w.l(_printf_hex_int.o)
    0x08007c52   0x00000011   Data   RO         2588    .constdata          c_w.l(__printf_flags_wp.o)
    0x08007c63   0x00000005   PAD
    0x08007c68   0x00000088   Data   RO         2676    .constdata          m_wm.l(pow.o)
    0x08007cf0   0x00000030   Data   RO         2751    .constdata          m_wm.l(cos_i.o)
    0x08007d20   0x00000008   Data   RO         2771    .constdata          m_wm.l(qnan.o)
    0x08007d28   0x000000c8   Data   RO         2774    .constdata          m_wm.l(rred.o)
    0x08007df0   0x00000028   Data   RO         2778    .constdata          m_wm.l(sin_i.o)
    0x08007e18   0x00000020   Data   RO         2956    Region$$Table       anon$$obj.o


    Execution Region RW_IRAM1 (Base: 0x20000000, Size: 0x00017e50, Max: 0x00020000, ABSOLUTE)

    Base Addr    Size         Type   Attr      Idx    E Section Name        Object

    0x20000000   0x00000008   Data   RW          593    .data               bunny.o
    0x20000008   0x00000004   Data   RW          995    .data               delay.o
    0x2000000c   0x00000006   Data   RW         1054    .data               usart.o
    0x20000012   0x00000010   Data   RW         1350    .data               stm32f4xx_rcc.o
    0x20000022   0x00000002   PAD
    0x20000024   0x00017700   Zero   RW           11    .bss                main.o
    0x20017724   0x000000c8   Zero   RW         1053    .bss                usart.o
    0x200177ec   0x00000060   Zero   RW         2816    .bss                c_w.l(libspace.o)
    0x2001784c   0x00000004   PAD
    0x20017850   0x00000200   Zero   RW         1147    HEAP                startup_stm32f40_41xxx.o
    0x20017a50   0x00000400   Zero   RW         1146    STACK               startup_stm32f40_41xxx.o


==============================================================================

Image component sizes


      Code (inc. data)   RO Data    RW Data    ZI Data      Debug   Object Name

     12608        798          0          8          0       8620   bunny.o
       192         12          0          4          0       1916   delay.o
      1364         34          0          0          0       5822   lcd.o
       260         72          0          0      96000     286796   main.o
       180         24          0          0          0       2025   misc.o
      2010         28          0          0          0      16346   mymath.o
        18          0          0          0          0        443   rng.o
       208          0          0          0          0       1943   rtc.o
        64         26        392          0       1536        832   startup_stm32f40_41xxx.o
       282          6          0          0          0       1785   stm32f4xx_fsmc.o
       218          0          0          0          0       2266   stm32f4xx_gpio.o
        26          0          0          0          0     231438   stm32f4xx_it.o
        12          6          0          0          0        518   stm32f4xx_pwr.o
       572         72          0         16          0       7980   stm32f4xx_rcc.o
        36          6          0          0          0        502   stm32f4xx_rng.o
       814         50          0          0          0       7154   stm32f4xx_rtc.o
       404          8          0          0          0       4186   stm32f4xx_usart.o
       340         32          0          0          0       1437   system_stm32f4xx.o
       340         28          0          6        200       4184   usart.o

    ----------------------------------------------------------------------
     19968       1202        424         36      97736     586193   Object Totals
         0          0         32          0          0          0   (incl. Generated)
        20          0          0          2          0          0   (incl. Padding)

    ----------------------------------------------------------------------

      Code (inc. data)   RO Data    RW Data    ZI Data      Debug   Library Member Name

         8          0          0          0          0         68   __main.o
       312          4         17          0          0         92   __printf_flags_wp.o
        14          0          0          0          0         68   __printf_wp.o
         0          0          0          0          0          0   __rtentry.o
        12          0          0          0          0          0   __rtentry2.o
         6          0          0          0          0          0   __rtentry4.o
        52          8          0          0          0          0   __scatter.o
        26          0          0          0          0          0   __scatter_copy.o
        28          0          0          0          0          0   __scatter_zi.o
        48          6          0          0          0         96   _printf_char_common.o
        36          4          0          0          0         80   _printf_char_file.o
        88          4         40          0          0         88   _printf_hex_int.o
       178          0          0          0          0         88   _printf_intcommon.o
        78          0          0          0          0        108   _printf_pad.o
         0          0          0          0          0          0   _printf_percent.o
         4          0          0          0          0          0   _printf_percent_end.o
         6          0          0          0          0          0   _printf_x.o
        22          0          0          0          0        100   _rserrno.o
        18          0          0          0          0         80   exit.o
         8          0          0          0          0         68   ferror.o
         6          0          0          0          0        152   heapauxi.o
         2          0          0          0          0          0   libinit.o
         6          0          0          0          0          0   libinit2.o
         2          0          0          0          0          0   libshutdown.o
         2          0          0          0          0          0   libshutdown2.o
         8          4          0          0         96         68   libspace.o
        24          4          0          0          0         84   noretval__2printf.o
         8          4          0          0          0         68   rt_errno_addr_intlibspace.o
         2          0          0          0          0          0   rtexit.o
        10          0          0          0          0          0   rtexit2.o
        74          0          0          0          0         80   sys_stackheap_outer.o
         2          0          0          0          0         68   use_no_semi.o
         2          0          0          0          0         68   use_no_semi_2.o
        24          0          0          0          0        164   basic.o
        98          4          0          0          0        140   d2f.o
       826         16          0          0          0        492   daddsub_clz.o
        16          4          0          0          0        116   dcheck1.o
        24          0          0          0          0        116   dcmpi.o
       688        140          0          0          0        256   ddiv.o
        94          4          0          0          0        140   dfix.o
        84          0          0          0          0        232   dflt_clz.o
       120          4          0          0          0        140   dleqf.o
       340         12          0          0          0        152   dmul.o
       156          4          0          0          0        140   dnaninf.o
       336         12          0          0          0        136   drem_clz.o
        12          0          0          0          0        116   dretinf.o
       108          0          0          0          0        128   drleqf.o
       408         56          0          0          0        168   dsqrt_umaal.o
        86          4          0          0          0        132   f2d.o
       140          4          0          0          0        132   fnaninf.o
        10          0          0          0          0        116   fpinit.o
        10          0          0          0          0        116   fretinf.o
       100          0          0          0          0        116   retnan.o
        92          0          0          0          0        116   scalbn.o
        48          0          0          0          0        116   trapv.o
         0          0          0          0          0          0   usenofp.o
       200         20          0          0          0        164   cos.o
       368         46         48          0          0        200   cos_i.o
       184         44          0          0          0        744   dunder.o
        44          0          0          0          0        248   fabs.o
       112         14          0          0          0        116   floorf.o
       260          6          0          0          0        144   fmod.o
        48          0          0          0          0        124   fpclassify.o
       248          0          0          0          0        152   poly.o
      3152        296        136          0          0        352   pow.o
         0          0          8          0          0          0   qnan.o
      1080        142        200          0          0        188   rred.o
       200         20          0          0          0        164   sin.o
       304         24         40          0          0        208   sin_i.o
       232          0          0          0          0        296   sqrt.o
        58          0          0          0          0        136   sqrtf.o

    ----------------------------------------------------------------------
     11426        914        494          0        100       8240   Library Totals
        24          0          5          0          4          0   (incl. Padding)

    ----------------------------------------------------------------------

      Code (inc. data)   RO Data    RW Data    ZI Data      Debug   Library Name

      1092         38         57          0         96       1524   c_w.l
      3820        264          0          0          0       3480   fz_wm.l
      6490        612        432          0          0       3236   m_wm.l

    ----------------------------------------------------------------------
     11426        914        494          0        100       8240   Library Totals

    ----------------------------------------------------------------------

==============================================================================


      Code (inc. data)   RO Data    RW Data    ZI Data      Debug   

     31394       2116        918         36      97836     579805   Grand Totals
     31394       2116        918         36      97836     579805   ELF Image Totals
     31394       2116        918         36          0          0   ROM Totals

==============================================================================

    Total RO  Size (Code + RO Data)                32312 (  31.55kB)
    Total RW  Size (RW Data + ZI Data)             97872 (  95.58kB)
    Total ROM Size (Code + RO Data + RW Data)      32348 (  31.59kB)

==============================================================================

